Archive member included to satisfy reference by file (symbol)

C:/ST/STM32CubeIDE_1.18.0/STM32CubeIDE/plugins/com.st.stm32cube.ide.mcu.externaltools.gnu-tools-for-stm32.13.3.rel1.win32_1.0.0.202411081344/tools/bin/../lib/gcc/arm-none-eabi/13.3.1/../../../../arm-none-eabi/lib/thumb/v7e-m+fp/hard\libc_nano.a(libc_a-exit.o)
                              C:/ST/STM32CubeIDE_1.18.0/STM32CubeIDE/plugins/com.st.stm32cube.ide.mcu.externaltools.gnu-tools-for-stm32.13.3.rel1.win32_1.0.0.202411081344/tools/bin/../lib/gcc/arm-none-eabi/13.3.1/../../../../arm-none-eabi/lib/thumb/v7e-m+fp/hard/crt0.o (exit)
C:/ST/STM32CubeIDE_1.18.0/STM32CubeIDE/plugins/com.st.stm32cube.ide.mcu.externaltools.gnu-tools-for-stm32.13.3.rel1.win32_1.0.0.202411081344/tools/bin/../lib/gcc/arm-none-eabi/13.3.1/../../../../arm-none-eabi/lib/thumb/v7e-m+fp/hard\libc_nano.a(libc_a-findfp.o)
                              C:/ST/STM32CubeIDE_1.18.0/STM32CubeIDE/plugins/com.st.stm32cube.ide.mcu.externaltools.gnu-tools-for-stm32.13.3.rel1.win32_1.0.0.202411081344/tools/bin/../lib/gcc/arm-none-eabi/13.3.1/../../../../arm-none-eabi/lib/thumb/v7e-m+fp/hard\libc_nano.a(libc_a-exit.o) (__stdio_exit_handler)
C:/ST/STM32CubeIDE_1.18.0/STM32CubeIDE/plugins/com.st.stm32cube.ide.mcu.externaltools.gnu-tools-for-stm32.13.3.rel1.win32_1.0.0.202411081344/tools/bin/../lib/gcc/arm-none-eabi/13.3.1/../../../../arm-none-eabi/lib/thumb/v7e-m+fp/hard\libc_nano.a(libc_a-fwalk.o)
                              C:/ST/STM32CubeIDE_1.18.0/STM32CubeIDE/plugins/com.st.stm32cube.ide.mcu.externaltools.gnu-tools-for-stm32.13.3.rel1.win32_1.0.0.202411081344/tools/bin/../lib/gcc/arm-none-eabi/13.3.1/../../../../arm-none-eabi/lib/thumb/v7e-m+fp/hard\libc_nano.a(libc_a-findfp.o) (_fwalk_sglue)
C:/ST/STM32CubeIDE_1.18.0/STM32CubeIDE/plugins/com.st.stm32cube.ide.mcu.externaltools.gnu-tools-for-stm32.13.3.rel1.win32_1.0.0.202411081344/tools/bin/../lib/gcc/arm-none-eabi/13.3.1/../../../../arm-none-eabi/lib/thumb/v7e-m+fp/hard\libc_nano.a(libc_a-printf.o)
                              ./Middlewares/ST/STM32_WPAN/utilities/dbg_trace.o (printf)
C:/ST/STM32CubeIDE_1.18.0/STM32CubeIDE/plugins/com.st.stm32cube.ide.mcu.externaltools.gnu-tools-for-stm32.13.3.rel1.win32_1.0.0.202411081344/tools/bin/../lib/gcc/arm-none-eabi/13.3.1/../../../../arm-none-eabi/lib/thumb/v7e-m+fp/hard\libc_nano.a(libc_a-stdio.o)
                              C:/ST/STM32CubeIDE_1.18.0/STM32CubeIDE/plugins/com.st.stm32cube.ide.mcu.externaltools.gnu-tools-for-stm32.13.3.rel1.win32_1.0.0.202411081344/tools/bin/../lib/gcc/arm-none-eabi/13.3.1/../../../../arm-none-eabi/lib/thumb/v7e-m+fp/hard\libc_nano.a(libc_a-findfp.o) (__sread)
C:/ST/STM32CubeIDE_1.18.0/STM32CubeIDE/plugins/com.st.stm32cube.ide.mcu.externaltools.gnu-tools-for-stm32.13.3.rel1.win32_1.0.0.202411081344/tools/bin/../lib/gcc/arm-none-eabi/13.3.1/../../../../arm-none-eabi/lib/thumb/v7e-m+fp/hard\libc_nano.a(libc_a-vprintf.o)
                              ./Middlewares/ST/STM32_WPAN/utilities/dbg_trace.o (vprintf)
C:/ST/STM32CubeIDE_1.18.0/STM32CubeIDE/plugins/com.st.stm32cube.ide.mcu.externaltools.gnu-tools-for-stm32.13.3.rel1.win32_1.0.0.202411081344/tools/bin/../lib/gcc/arm-none-eabi/13.3.1/../../../../arm-none-eabi/lib/thumb/v7e-m+fp/hard\libc_nano.a(libc_a-memcmp.o)
                              ./Middlewares/ST/STM32_WPAN/ble/core/template/osal.o (memcmp)
C:/ST/STM32CubeIDE_1.18.0/STM32CubeIDE/plugins/com.st.stm32cube.ide.mcu.externaltools.gnu-tools-for-stm32.13.3.rel1.win32_1.0.0.202411081344/tools/bin/../lib/gcc/arm-none-eabi/13.3.1/../../../../arm-none-eabi/lib/thumb/v7e-m+fp/hard\libc_nano.a(libc_a-memset.o)
                              C:/ST/STM32CubeIDE_1.18.0/STM32CubeIDE/plugins/com.st.stm32cube.ide.mcu.externaltools.gnu-tools-for-stm32.13.3.rel1.win32_1.0.0.202411081344/tools/bin/../lib/gcc/arm-none-eabi/13.3.1/../../../../arm-none-eabi/lib/thumb/v7e-m+fp/hard/crt0.o (memset)
C:/ST/STM32CubeIDE_1.18.0/STM32CubeIDE/plugins/com.st.stm32cube.ide.mcu.externaltools.gnu-tools-for-stm32.13.3.rel1.win32_1.0.0.202411081344/tools/bin/../lib/gcc/arm-none-eabi/13.3.1/../../../../arm-none-eabi/lib/thumb/v7e-m+fp/hard\libc_nano.a(libc_a-strrchr.o)
                              ./Middlewares/ST/STM32_WPAN/utilities/dbg_trace.o (strrchr)
C:/ST/STM32CubeIDE_1.18.0/STM32CubeIDE/plugins/com.st.stm32cube.ide.mcu.externaltools.gnu-tools-for-stm32.13.3.rel1.win32_1.0.0.202411081344/tools/bin/../lib/gcc/arm-none-eabi/13.3.1/../../../../arm-none-eabi/lib/thumb/v7e-m+fp/hard\libc_nano.a(libc_a-closer.o)
                              C:/ST/STM32CubeIDE_1.18.0/STM32CubeIDE/plugins/com.st.stm32cube.ide.mcu.externaltools.gnu-tools-for-stm32.13.3.rel1.win32_1.0.0.202411081344/tools/bin/../lib/gcc/arm-none-eabi/13.3.1/../../../../arm-none-eabi/lib/thumb/v7e-m+fp/hard\libc_nano.a(libc_a-stdio.o) (_close_r)
[...]
Memory Configuration

Name             Origin             Length             Attributes
FLASH            0x08000000         0x00080000         xr
RAM              0x20000008         0x0000fff8         xrw
RAM_SHARED       0x20030000         0x00002800         xrw
*default*        0x00000000         0xffffffff

Linker script and memory map

LOAD C:/ST/STM32CubeIDE_1.18.0/STM32CubeIDE/plugins/com.st.stm32cube.ide.mcu.externaltools.gnu-tools-for-stm32.13.3.rel1.win32_1.0.0.202411081344/tools/bin/../lib/gcc/arm-none-eabi/13.3.1/thumb/v7e-m+fp/hard/crti.o
LOAD C:/ST/STM32CubeIDE_1.18.0/STM32CubeIDE/plugins/com.st.stm32cube.ide.mcu.externaltools.gnu-tools-for-stm32.13.3.rel1.win32_1.0.0.202411081344/tools/bin/../lib/gcc/arm-none-eabi/13.3.1/thumb/v7e-m+fp/hard/crtbegin.o
LOAD C:/ST/STM32CubeIDE_1.18.0/STM32CubeIDE/plugins/com.st.stm32cube.ide.mcu.externaltools.gnu-tools-for-stm32.13.3.rel1.win32_1.0.0.202411081344/tools/bin/../lib/gcc/arm-none-eabi/13.3.1/../../../../arm-none-eabi/lib/thumb/v7e-m+fp/hard/crt0.o
LOAD ./Core/Src/app_debug.o
LOAD ./Core/Src/app_entry.o
LOAD ./Core/Src/hw_timerserver.o
LOAD ./Core/Src/main.o
LOAD ./Core/Src/stm32_lpm_if.o
LOAD ./Core/Src/stm32wbxx_hal_msp.o
LOAD ./Core/Src/stm32wbxx_it.o
LOAD ./Core/Src/syscalls.o
LOAD ./Core/Src/sysmem.o
LOAD ./Core/Src/system_stm32wbxx.o
LOAD ./Core/Startup/startup_stm32wb50cgux.o
LOAD ./Drivers/STM32WBxx_HAL_Driver/Src/stm32wbxx_hal.o
LOAD ./Drivers/STM32WBxx_HAL_Driver/Src/stm32wbxx_hal_cortex.o
LOAD ./Drivers/STM32WBxx_HAL_Driver/Src/stm32wbxx_hal_dma.o
LOAD ./Drivers/STM32WBxx_HAL_Driver/Src/stm32wbxx_hal_dma_ex.o
LOAD ./Drivers/STM32WBxx_HAL_Driver/Src/stm32wbxx_hal_exti.o
LOAD ./Drivers/STM32WBxx_HAL_Driver/Src/stm32wbxx_hal_flash.o
LOAD ./Drivers/STM32WBxx_HAL_Driver/Src/stm32wbxx_hal_flash_ex.o
LOAD ./Drivers/STM32WBxx_HAL_Driver/Src/stm32wbxx_hal_gpio.o
LOAD ./Drivers/STM32WBxx_HAL_Driver/Src/stm32wbxx_hal_hsem.o
LOAD ./Drivers/STM32WBxx_HAL_Driver/Src/stm32wbxx_hal_ipcc.o
LOAD ./Drivers/STM32WBxx_HAL_Driver/Src/stm32wbxx_hal_pwr.o
LOAD ./Drivers/STM32WBxx_HAL_Driver/Src/stm32wbxx_hal_pwr_ex.o
LOAD ./Drivers/STM32WBxx_HAL_Driver/Src/stm32wbxx_hal_rcc.o
LOAD ./Drivers/STM32WBxx_HAL_Driver/Src/stm32wbxx_hal_rcc_ex.o
LOAD ./Drivers/STM32WBxx_HAL_Driver/Src/stm32wbxx_hal_rtc.o
LOAD ./Drivers/STM32WBxx_HAL_Driver/Src/stm32wbxx_hal_rtc_ex.o
LOAD ./Drivers/STM32WBxx_HAL_Driver/Src/stm32wbxx_hal_tim.o
LOAD ./Drivers/STM32WBxx_HAL_Driver/Src/stm32wbxx_hal_tim_ex.o
LOAD ./Drivers/STM32WBxx_HAL_Driver/Src/stm32wbxx_ll_rcc.o
LOAD ./Middlewares/ST/STM32_WPAN/ble/core/auto/ble_events.o
LOAD ./Middlewares/ST/STM32_WPAN/ble/core/auto/ble_gap_aci.o
LOAD ./Middlewares/ST/STM32_WPAN/ble/core/auto/ble_gatt_aci.o
LOAD ./Middlewares/ST/STM32_WPAN/ble/core/auto/ble_hal_aci.o
LOAD ./Middlewares/ST/STM32_WPAN/ble/core/auto/ble_hci_le.o
LOAD ./Middlewares/ST/STM32_WPAN/ble/core/auto/ble_l2cap_aci.o
LOAD ./Middlewares/ST/STM32_WPAN/ble/core/template/osal.o
LOAD ./Middlewares/ST/STM32_WPAN/ble/svc/Src/svc_ctl.o
LOAD ./Middlewares/ST/STM32_WPAN/interface/patterns/ble_thread/shci/shci.o
LOAD ./Middlewares/ST/STM32_WPAN/interface/patterns/ble_thread/tl/hci_tl.o
LOAD ./Middlewares/ST/STM32_WPAN/interface/patterns/ble_thread/tl/hci_tl_if.o
LOAD ./Middlewares/ST/STM32_WPAN/interface/patterns/ble_thread/tl/shci_tl.o
LOAD ./Middlewares/ST/STM32_WPAN/interface/patterns/ble_thread/tl/shci_tl_if.o
LOAD ./Middlewares/ST/STM32_WPAN/interface/patterns/ble_thread/tl/tl_mbox.o
LOAD ./Middlewares/ST/STM32_WPAN/utilities/dbg_trace.o
LOAD ./Middlewares/ST/STM32_WPAN/utilities/otp.o
LOAD ./Middlewares/ST/STM32_WPAN/utilities/stm_list.o
LOAD ./Middlewares/ST/STM32_WPAN/utilities/stm_queue.o
LOAD ./STM32_WPAN/App/app_ble.o
LOAD ./STM32_WPAN/App/custom_app.o
LOAD ./STM32_WPAN/App/custom_stm.o
LOAD ./STM32_WPAN/Target/hw_ipcc.o
LOAD ./Utilities/lpm/tiny_lpm/stm32_lpm.o
LOAD ./Utilities/sequencer/stm32_seq.o
START GROUP
LOAD C:/ST/STM32CubeIDE_1.18.0/STM32CubeIDE/plugins/com.st.stm32cube.ide.mcu.externaltools.gnu-tools-for-stm32.13.3.rel1.win32_1.0.0.202411081344/tools/bin/../lib/gcc/arm-none-eabi/13.3.1/../../../../arm-none-eabi/lib/thumb/v7e-m+fp/hard\libc_nano.a
LOAD C:/ST/STM32CubeIDE_1.18.0/STM32CubeIDE/plugins/com.st.stm32cube.ide.mcu.externaltools.gnu-tools-for-stm32.13.3.rel1.win32_1.0.0.202411081344/tools/bin/../lib/gcc/arm-none-eabi/13.3.1/../../../../arm-none-eabi/lib/thumb/v7e-m+fp/hard\libm.a
END GROUP
START GROUP
LOAD C:/ST/STM32CubeIDE_1.18.0/STM32CubeIDE/plugins/com.st.stm32cube.ide.mcu.externaltools.gnu-tools-for-stm32.13.3.rel1.win32_1.0.0.202411081344/tools/bin/../lib/gcc/arm-none-eabi/13.3.1/thumb/v7e-m+fp/hard\libgcc.a
LOAD C:/ST/STM32CubeIDE_1.18.0/STM32CubeIDE/plugins/com.st.stm32cube.ide.mcu.externaltools.gnu-tools-for-stm32.13.3.rel1.win32_1.0.0.202411081344/tools/bin/../lib/gcc/arm-none-eabi/13.3.1/../../../../arm-none-eabi/lib/thumb/v7e-m+fp/hard\libc_nano.a
END GROUP
START GROUP
LOAD C:/ST/STM32CubeIDE_1.18.0/STM32CubeIDE/plugins/com.st.stm32cube.ide.mcu.externaltools.gnu-tools-for-stm32.13.3.rel1.win32_1.0.0.202411081344/tools/bin/../lib/gcc/arm-none-eabi/13.3.1/thumb/v7e-m+fp/hard\libgcc.a
LOAD C:/ST/STM32CubeIDE_1.18.0/STM32CubeIDE/plugins/com.st.stm32cube.ide.mcu.externaltools.gnu-tools-for-stm32.13.3.rel1.win32_1.0.0.202411081344/tools/bin/../lib/gcc/arm-none-eabi/13.3.1/../../../../arm-none-eabi/lib/thumb/v7e-m+fp/hard\libc_nano.a
LOAD C:/ST/STM32CubeIDE_1.18.0/STM32CubeIDE/plugins/com.st.stm32cube.ide.mcu.externaltools.gnu-tools-for-stm32.13.3.rel1.win32_1.0.0.202411081344/tools/bin/../lib/gcc/arm-none-eabi/13.3.1/../../../../arm-none-eabi/lib/thumb/v7e-m+fp/hard\libnosys.a
END GROUP
START GROUP
LOAD C:/ST/STM32CubeIDE_1.18.0/STM32CubeIDE/plugins/com.st.stm32cube.ide.mcu.externaltools.gnu-tools-for-stm32.13.3.rel1.win32_1.0.0.202411081344/tools/bin/../lib/gcc/arm-none-eabi/13.3.1/thumb/v7e-m+fp/hard\libgcc.a
LOAD C:/ST/STM32CubeIDE_1.18.0/STM32CubeIDE/plugins/com.st.stm32cube.ide.mcu.externaltools.gnu-tools-for-stm32.13.3.rel1.win32_1.0.0.202411081344/tools/bin/../lib/gcc/arm-none-eabi/13.3.1/../../../../arm-none-eabi/lib/thumb/v7e-m+fp/hard\libc_nano.a
LOAD C:/ST/STM32CubeIDE_1.18.0/STM32CubeIDE/plugins/com.st.stm32cube.ide.mcu.externaltools.gnu-tools-for-stm32.13.3.rel1.win32_1.0.0.202411081344/tools/bin/../lib/gcc/arm-none-eabi/13.3.1/../../../../arm-none-eabi/lib/thumb/v7e-m+fp/hard\libnosys.a
END GROUP
LOAD C:/ST/STM32CubeIDE_1.18.0/STM32CubeIDE/plugins/com.st.stm32cube.ide.mcu.externaltools.gnu-tools-for-stm32.13.3.rel1.win32_1.0.0.202411081344/tools/bin/../lib/gcc/arm-none-eabi/13.3.1/thumb/v7e-m+fp/hard/crtend.o
LOAD C:/ST/STM32CubeIDE_1.18.0/STM32CubeIDE/plugins/com.st.stm32cube.ide.mcu.externaltools.gnu-tools-for-stm32.13.3.rel1.win32_1.0.0.202411081344/tools/bin/../lib/gcc/arm-none-eabi/13.3.1/thumb/v7e-m+fp/hard/crtn.o
                0x20010000                        _estack = (ORIGIN (RAM) + LENGTH (RAM))
                0x00000200                        _Min_Heap_Size = 0x200
                0x00000400                        _Min_Stack_Size = 0x400

.isr_vector     0x08000000      0x13c
                0x08000000                        . = ALIGN (0x4)
 *(.isr_vector)
 .isr_vector    0x08000000      0x13c ./Core/Startup/startup_stm32wb50cgux.o
                0x08000000                g_pfnVectors
                0x0800013c                        . = ALIGN (0x4)

.text           0x0800013c     0x6d94
                0x0800013c                        . = ALIGN (0x4)
 *(.text)
 .text          0x0800013c       0x40 C:/ST/STM32CubeIDE_1.18.0/STM32CubeIDE/plugins/com.st.stm32cube.ide.mcu.externaltools.gnu-tools-for-stm32.13.3.rel1.win32_1.0.0.202411081344/tools/bin/../lib/gcc/arm-none-eabi/13.3.1/thumb/v7e-m+fp/hard/crtbegin.o
 .text          0x0800017c       0x10 C:/ST/STM32CubeIDE_1.18.0/STM32CubeIDE/plugins/com.st.stm32cube.ide.mcu.externaltools.gnu-tools-for-stm32.13.3.rel1.win32_1.0.0.202411081344/tools/bin/../lib/gcc/arm-none-eabi/13.3.1/../../../../arm-none-eabi/lib/thumb/v7e-m+fp/hard\libc_nano.a(libc_a-strlen.o)
                0x0800017c                strlen
 *(.text*)
 .text.APPD_EnableCPU2
                0x0800018c       0x38 ./Core/Src/app_debug.o
                0x0800018c                APPD_EnableCPU2
 .text.LL_C2_PWR_SetPowerMode
                0x080001c4       0x2c ./Core/Src/app_entry.o
 .text.LL_EXTI_EnableIT_32_63
                0x080001f0       0x28 ./Core/Src/app_entry.o
 .text.LL_RCC_HSE_SetCapacitorTuning
                0x08000218       0x3c ./Core/Src/app_entry.o
 .text.LL_RCC_SetClkAfterWakeFromStop
                0x08000254       0x28 ./Core/Src/app_entry.o
 .text.LL_DBGMCU_GetDeviceID
                0x0800027c       0x1c ./Core/Src/app_entry.o
 .text.LL_DBGMCU_GetRevisionID
                0x08000298       0x1c ./Core/Src/app_entry.o
 .text.LL_RTC_EnableWriteProtection
                0x080002b4       0x1a ./Core/Src/app_entry.o
 .text.LL_RTC_DisableWriteProtection
                0x080002ce       0x20 ./Core/Src/app_entry.o
 .text.LL_RTC_WAKEUP_SetClock
                0x080002ee       0x26 ./Core/Src/app_entry.o
 .text.MX_APPE_Config
                0x08000314       0x1c ./Core/Src/app_entry.o
                0x08000314                MX_APPE_Config
 .text.MX_APPE_Init
                0x08000330       0x20 ./Core/Src/app_entry.o
                0x08000330                MX_APPE_Init
 .text.Init_Exti
                0x08000350        0xe ./Core/Src/app_entry.o
                0x08000350                Init_Exti
 .text.Reset_Device
                0x0800035e        0xe ./Core/Src/app_entry.o
 .text.Config_HSE
                0x0800036c       0x28 ./Core/Src/app_entry.o
 .text.System_Init
                0x08000394       0x10 ./Core/Src/app_entry.o
 .text.Init_Rtc
                0x080003a4       0x20 ./Core/Src/app_entry.o
 .text.SystemPower_Config
                0x080003c4       0x1a ./Core/Src/app_entry.o
 *fill*         0x080003de        0x2 
 .text.appe_Tl_Init
                0x080003e0       0x6c ./Core/Src/app_entry.o
 .text.APPE_SysStatusNot
                0x0800044c       0x16 ./Core/Src/app_entry.o
 *fill*         0x08000462        0x2 
 .text.APPE_SysUserEvtRx
                0x08000464       0x68 ./Core/Src/app_entry.o
 .text.APPE_SysEvtError
                0x080004cc       0x22 ./Core/Src/app_entry.o
 .text.APPE_SysEvtReadyProcessing
                0x080004ee       0x88 ./Core/Src/app_entry.o
 .text.MX_APPE_Process
                0x08000576       0x10 ./Core/Src/app_entry.o
                0x08000576                MX_APPE_Process
 .text.UTIL_SEQ_Idle
                0x08000586        0xe ./Core/Src/app_entry.o
                0x08000586                UTIL_SEQ_Idle
 .text.shci_notify_asynch_evt
                0x08000594       0x18 ./Core/Src/app_entry.o
                0x08000594                shci_notify_asynch_evt
 .text.shci_cmd_resp_release
                0x080005ac       0x16 ./Core/Src/app_entry.o
                0x080005ac                shci_cmd_resp_release
 .text.shci_cmd_resp_wait
                0x080005c2       0x16 ./Core/Src/app_entry.o
                0x080005c2                shci_cmd_resp_wait
 .text.LL_EXTI_EnableIT_0_31
                0x080005d8       0x28 ./Core/Src/hw_timerserver.o
 .text.LL_EXTI_EnableRisingTrig_0_31
                0x08000600       0x24 ./Core/Src/hw_timerserver.o
 .text.HW_TS_Init
                0x08000624      0x1b4 ./Core/Src/hw_timerserver.o
                0x08000624                HW_TS_Init
 .text.LL_AHB2_GRP1_EnableClock
                0x080007d8       0x32 ./Core/Src/main.o
 *fill*         0x0800080a        0x2 
 .text.main     0x0800080c       0x58 ./Core/Src/main.o
                0x0800080c                main
 .text.SystemClock_Config
                0x08000864       0x9a ./Core/Src/main.o
                0x08000864                SystemClock_Config
 .text.PeriphCommonClock_Config
                0x080008fe       0x38 ./Core/Src/main.o
                0x080008fe                PeriphCommonClock_Config
 *fill*         0x08000936        0x2 
 .text.MX_IPCC_Init
                0x08000938       0x28 ./Core/Src/main.o
 .text.MX_RF_Init
                0x08000960        0xe ./Core/Src/main.o
 *fill*         0x0800096e        0x2 
 .text.MX_RTC_Init
                0x08000970       0x68 ./Core/Src/main.o
 .text.MX_TIM16_Init
                0x080009d8       0x50 ./Core/Src/main.o
 .text.MX_TIM17_Init
                0x08000a28       0x50 ./Core/Src/main.o
 .text.MX_GPIO_Init
                0x08000a78       0x50 ./Core/Src/main.o
 .text.HAL_TIM_PeriodElapsedCallback
                0x08000ac8       0x50 ./Core/Src/main.o
                0x08000ac8                HAL_TIM_PeriodElapsedCallback
 .text.Error_Handler
                0x08000b18        0xc ./Core/Src/main.o
                0x08000b18                Error_Handler
 .text.LL_RCC_EnableRTC
                0x08000b24       0x22 ./Core/Src/stm32wbxx_hal_msp.o
 .text.LL_AHB3_GRP1_EnableClock
                0x08000b46       0x32 ./Core/Src/stm32wbxx_hal_msp.o
 .text.LL_APB1_GRP1_EnableClock
                0x08000b78       0x32 ./Core/Src/stm32wbxx_hal_msp.o
 .text.LL_APB2_GRP1_EnableClock
                0x08000baa       0x32 ./Core/Src/stm32wbxx_hal_msp.o
 .text.HAL_MspInit
                0x08000bdc       0x20 ./Core/Src/stm32wbxx_hal_msp.o
                0x08000bdc                HAL_MspInit
 .text.HAL_IPCC_MspInit
                0x08000bfc       0x48 ./Core/Src/stm32wbxx_hal_msp.o
                0x08000bfc                HAL_IPCC_MspInit
 .text.HAL_RTC_MspInit
                0x08000c44       0x5c ./Core/Src/stm32wbxx_hal_msp.o
                0x08000c44                HAL_RTC_MspInit
 .text.HAL_TIM_Base_MspInit
                0x08000ca0       0x60 ./Core/Src/stm32wbxx_hal_msp.o
                0x08000ca0                HAL_TIM_Base_MspInit
 .text.NMI_Handler
                0x08000d00        0x8 ./Core/Src/stm32wbxx_it.o
                0x08000d00                NMI_Handler
 .text.HardFault_Handler
                0x08000d08        0x8 ./Core/Src/stm32wbxx_it.o
                0x08000d08                HardFault_Handler
 .text.MemManage_Handler
                0x08000d10        0x8 ./Core/Src/stm32wbxx_it.o
                0x08000d10                MemManage_Handler
 .text.BusFault_Handler
                0x08000d18        0x8 ./Core/Src/stm32wbxx_it.o
                0x08000d18                BusFault_Handler
 .text.UsageFault_Handler
                0x08000d20        0x8 ./Core/Src/stm32wbxx_it.o
                0x08000d20                UsageFault_Handler
 .text.SVC_Handler
                0x08000d28        0xe ./Core/Src/stm32wbxx_it.o
                0x08000d28                SVC_Handler
 .text.DebugMon_Handler
                0x08000d36        0xe ./Core/Src/stm32wbxx_it.o
                0x08000d36                DebugMon_Handler
 .text.PendSV_Handler
                0x08000d44        0xe ./Core/Src/stm32wbxx_it.o
                0x08000d44                PendSV_Handler
 .text.SysTick_Handler
                0x08000d52        0xc ./Core/Src/stm32wbxx_it.o
                0x08000d52                SysTick_Handler
 *fill*         0x08000d5e        0x2 
 .text.TIM1_UP_TIM16_IRQHandler
                0x08000d60       0x14 ./Core/Src/stm32wbxx_it.o
                0x08000d60                TIM1_UP_TIM16_IRQHandler
 .text.TIM1_TRG_COM_TIM17_IRQHandler
                0x08000d74       0x14 ./Core/Src/stm32wbxx_it.o
                0x08000d74                TIM1_TRG_COM_TIM17_IRQHandler
 .text.IPCC_C1_RX_IRQHandler
                0x08000d88        0xc ./Core/Src/stm32wbxx_it.o
                0x08000d88                IPCC_C1_RX_IRQHandler
 .text.IPCC_C1_TX_IRQHandler
                0x08000d94        0xc ./Core/Src/stm32wbxx_it.o
                0x08000d94                IPCC_C1_TX_IRQHandler
 .text.HSEM_IRQHandler
                0x08000da0        0xc ./Core/Src/stm32wbxx_it.o
                0x08000da0                HSEM_IRQHandler
 .text.SystemInit
                0x08000dac       0x9c ./Core/Src/system_stm32wbxx.o
                0x08000dac                SystemInit
 .text.data_initializers
                0x08000e48       0x18 ./Core/Startup/startup_stm32wb50cgux.o
 .text.Reset_Handler
                0x08000e60       0x64 ./Core/Startup/startup_stm32wb50cgux.o
                0x08000e60                Reset_Handler
 .text.Default_Handler
                0x08000ec4        0x2 ./Core/Startup/startup_stm32wb50cgux.o
                0x08000ec4                RTC_Alarm_IRQHandler
                0x08000ec4                EXTI2_IRQHandler
                0x08000ec4                TIM1_CC_IRQHandler
                0x08000ec4                TSC_IRQHandler
                0x08000ec4                EXTI3_IRQHandler
                0x08000ec4                LPTIM2_IRQHandler
                0x08000ec4                EXTI0_IRQHandler
                0x08000ec4                FPU_IRQHandler
                0x08000ec4                SPI1_IRQHandler
                0x08000ec4                PWR_SOTF_BLEACT_802ACT_RFPHASE_IRQHandler
                0x08000ec4                DMA1_Channel4_IRQHandler
                0x08000ec4                ADC1_IRQHandler
                0x08000ec4                PKA_IRQHandler
                0x08000ec4                DMA1_Channel7_IRQHandler
                0x08000ec4                I2C1_EV_IRQHandler
                0x08000ec4                DMAMUX1_OVR_IRQHandler
                0x08000ec4                DMA1_Channel6_IRQHandler
                0x08000ec4                RCC_IRQHandler
                0x08000ec4                DMA1_Channel1_IRQHandler
                0x08000ec4                Default_Handler
                0x08000ec4                EXTI15_10_IRQHandler
                0x08000ec4                C2SEV_PWR_C2H_IRQHandler
                0x08000ec4                AES2_IRQHandler
                0x08000ec4                EXTI9_5_IRQHandler
                0x08000ec4                RTC_WKUP_IRQHandler
                0x08000ec4                PVD_PVM_IRQHandler
                0x08000ec4                DMA1_Channel5_IRQHandler
                0x08000ec4                EXTI4_IRQHandler
                0x08000ec4                RNG_IRQHandler
                0x08000ec4                TAMP_STAMP_LSECSS_IRQHandler
                0x08000ec4                DMA1_Channel3_IRQHandler
                0x08000ec4                WWDG_IRQHandler
                0x08000ec4                TIM2_IRQHandler
                0x08000ec4                TIM1_BRK_IRQHandler
                0x08000ec4                EXTI1_IRQHandler
                0x08000ec4                DMA1_Channel2_IRQHandler
                0x08000ec4                FLASH_IRQHandler
                0x08000ec4                USART1_IRQHandler
                0x08000ec4                I2C1_ER_IRQHandler
                0x08000ec4                LPTIM1_IRQHandler
 *fill*         0x08000ec6        0x2 
 .text.HAL_Init
                0x08000ec8       0x40 ./Drivers/STM32WBxx_HAL_Driver/Src/stm32wbxx_hal.o
                0x08000ec8                HAL_Init
 .text.HAL_InitTick
                0x08000f08       0x74 ./Drivers/STM32WBxx_HAL_Driver/Src/stm32wbxx_hal.o
                0x08000f08                HAL_InitTick
 .text.HAL_IncTick
                0x08000f7c       0x28 ./Drivers/STM32WBxx_HAL_Driver/Src/stm32wbxx_hal.o
                0x08000f7c                HAL_IncTick
 .text.HAL_GetTick
                0x08000fa4       0x18 ./Drivers/STM32WBxx_HAL_Driver/Src/stm32wbxx_hal.o
                0x08000fa4                HAL_GetTick
 .text.HAL_GetTickPrio
                0x08000fbc       0x18 ./Drivers/STM32WBxx_HAL_Driver/Src/stm32wbxx_hal.o
                0x08000fbc                HAL_GetTickPrio
 .text.__NVIC_SetPriorityGrouping
                0x08000fd4       0x48 ./Drivers/STM32WBxx_HAL_Driver/Src/stm32wbxx_hal_cortex.o
 .text.__NVIC_GetPriorityGrouping
                0x0800101c       0x1c ./Drivers/STM32WBxx_HAL_Driver/Src/stm32wbxx_hal_cortex.o
 .text.__NVIC_EnableIRQ
                0x08001038       0x3c ./Drivers/STM32WBxx_HAL_Driver/Src/stm32wbxx_hal_cortex.o
 .text.__NVIC_SetPendingIRQ
                0x08001074       0x3c ./Drivers/STM32WBxx_HAL_Driver/Src/stm32wbxx_hal_cortex.o
 .text.__NVIC_ClearPendingIRQ
                0x080010b0       0x3c ./Drivers/STM32WBxx_HAL_Driver/Src/stm32wbxx_hal_cortex.o
 .text.__NVIC_SetPriority
                0x080010ec       0x54 ./Drivers/STM32WBxx_HAL_Driver/Src/stm32wbxx_hal_cortex.o
 .text.NVIC_EncodePriority
                0x08001140       0x66 ./Drivers/STM32WBxx_HAL_Driver/Src/stm32wbxx_hal_cortex.o
 *fill*         0x080011a6        0x2 
 .text.SysTick_Config
                0x080011a8       0x44 ./Drivers/STM32WBxx_HAL_Driver/Src/stm32wbxx_hal_cortex.o
 .text.HAL_NVIC_SetPriorityGrouping
                0x080011ec       0x16 ./Drivers/STM32WBxx_HAL_Driver/Src/stm32wbxx_hal_cortex.o
                0x080011ec                HAL_NVIC_SetPriorityGrouping
 .text.HAL_NVIC_SetPriority
                0x08001202       0x34 ./Drivers/STM32WBxx_HAL_Driver/Src/stm32wbxx_hal_cortex.o
                0x08001202                HAL_NVIC_SetPriority
 .text.HAL_NVIC_EnableIRQ
                0x08001236       0x1c ./Drivers/STM32WBxx_HAL_Driver/Src/stm32wbxx_hal_cortex.o
                0x08001236                HAL_NVIC_EnableIRQ
 .text.HAL_SYSTICK_Config
                0x08001252       0x18 ./Drivers/STM32WBxx_HAL_Driver/Src/stm32wbxx_hal_cortex.o
                0x08001252                HAL_SYSTICK_Config
 .text.HAL_NVIC_SetPendingIRQ
                0x0800126a       0x1c ./Drivers/STM32WBxx_HAL_Driver/Src/stm32wbxx_hal_cortex.o
                0x0800126a                HAL_NVIC_SetPendingIRQ
 .text.HAL_NVIC_ClearPendingIRQ
                0x08001286       0x1c ./Drivers/STM32WBxx_HAL_Driver/Src/stm32wbxx_hal_cortex.o
                0x08001286                HAL_NVIC_ClearPendingIRQ
 *fill*         0x080012a2        0x2 
 .text.HAL_GPIO_Init
                0x080012a4      0x2d0 ./Drivers/STM32WBxx_HAL_Driver/Src/stm32wbxx_hal_gpio.o
                0x080012a4                HAL_GPIO_Init
 .text.HAL_GPIO_WritePin
                0x08001574       0x30 ./Drivers/STM32WBxx_HAL_Driver/Src/stm32wbxx_hal_gpio.o
                0x08001574                HAL_GPIO_WritePin
 .text.HAL_HSEM_IRQHandler
                0x080015a4       0x34 ./Drivers/STM32WBxx_HAL_Driver/Src/stm32wbxx_hal_hsem.o
                0x080015a4                HAL_HSEM_IRQHandler
 .text.HAL_HSEM_FreeCallback
                0x080015d8       0x14 ./Drivers/STM32WBxx_HAL_Driver/Src/stm32wbxx_hal_hsem.o
                0x080015d8                HAL_HSEM_FreeCallback
 .text.HAL_IPCC_Init
                0x080015ec       0x64 ./Drivers/STM32WBxx_HAL_Driver/Src/stm32wbxx_hal_ipcc.o
                0x080015ec                HAL_IPCC_Init
 .text.HAL_IPCC_RxCallback
                0x08001650       0x1a ./Drivers/STM32WBxx_HAL_Driver/Src/stm32wbxx_hal_ipcc.o
                0x08001650                HAL_IPCC_RxCallback
 .text.HAL_IPCC_TxCallback
                0x0800166a       0x1a ./Drivers/STM32WBxx_HAL_Driver/Src/stm32wbxx_hal_ipcc.o
                0x0800166a                HAL_IPCC_TxCallback
 .text.IPCC_SetDefaultCallbacks
                0x08001684       0x4c ./Drivers/STM32WBxx_HAL_Driver/Src/stm32wbxx_hal_ipcc.o
                0x08001684                IPCC_SetDefaultCallbacks
 .text.IPCC_Reset_Register
                0x080016d0       0x28 ./Drivers/STM32WBxx_HAL_Driver/Src/stm32wbxx_hal_ipcc.o
                0x080016d0                IPCC_Reset_Register
 .text.HAL_PWR_EnableBkUpAccess
                0x080016f8       0x20 ./Drivers/STM32WBxx_HAL_Driver/Src/stm32wbxx_hal_pwr.o
                0x080016f8                HAL_PWR_EnableBkUpAccess
 .text.LL_RCC_HSE_IsEnabledDiv2
                0x08001718       0x24 ./Drivers/STM32WBxx_HAL_Driver/Src/stm32wbxx_hal_rcc.o
 .text.LL_RCC_HSE_Enable
                0x0800173c       0x1e ./Drivers/STM32WBxx_HAL_Driver/Src/stm32wbxx_hal_rcc.o
 .text.LL_RCC_HSE_Disable
                0x0800175a       0x1e ./Drivers/STM32WBxx_HAL_Driver/Src/stm32wbxx_hal_rcc.o
 .text.LL_RCC_HSE_IsReady
                0x08001778       0x24 ./Drivers/STM32WBxx_HAL_Driver/Src/stm32wbxx_hal_rcc.o
 .text.LL_RCC_HSI_Enable
                0x0800179c       0x1e ./Drivers/STM32WBxx_HAL_Driver/Src/stm32wbxx_hal_rcc.o
 .text.LL_RCC_HSI_Disable
                0x080017ba       0x1e ./Drivers/STM32WBxx_HAL_Driver/Src/stm32wbxx_hal_rcc.o
 .text.LL_RCC_HSI_IsReady
                0x080017d8       0x24 ./Drivers/STM32WBxx_HAL_Driver/Src/stm32wbxx_hal_rcc.o
 .text.LL_RCC_HSI_SetCalibTrimming
                0x080017fc       0x2a ./Drivers/STM32WBxx_HAL_Driver/Src/stm32wbxx_hal_rcc.o
 .text.LL_RCC_HSI48_Enable
                0x08001826       0x22 ./Drivers/STM32WBxx_HAL_Driver/Src/stm32wbxx_hal_rcc.o
 .text.LL_RCC_HSI48_Disable
                0x08001848       0x22 ./Drivers/STM32WBxx_HAL_Driver/Src/stm32wbxx_hal_rcc.o
 .text.LL_RCC_HSI48_IsReady
                0x0800186a       0x24 ./Drivers/STM32WBxx_HAL_Driver/Src/stm32wbxx_hal_rcc.o
 .text.LL_RCC_LSE_Enable
                0x0800188e       0x22 ./Drivers/STM32WBxx_HAL_Driver/Src/stm32wbxx_hal_rcc.o
 .text.LL_RCC_LSE_Disable
                0x080018b0       0x22 ./Drivers/STM32WBxx_HAL_Driver/Src/stm32wbxx_hal_rcc.o
 .text.LL_RCC_LSE_EnableBypass
                0x080018d2       0x22 ./Drivers/STM32WBxx_HAL_Driver/Src/stm32wbxx_hal_rcc.o
 .text.LL_RCC_LSE_DisableBypass
                0x080018f4       0x22 ./Drivers/STM32WBxx_HAL_Driver/Src/stm32wbxx_hal_rcc.o
 .text.LL_RCC_LSE_IsReady
                0x08001916       0x24 ./Drivers/STM32WBxx_HAL_Driver/Src/stm32wbxx_hal_rcc.o
 .text.LL_RCC_LSI1_Enable
                0x0800193a       0x22 ./Drivers/STM32WBxx_HAL_Driver/Src/stm32wbxx_hal_rcc.o
 .text.LL_RCC_LSI1_Disable
                0x0800195c       0x22 ./Drivers/STM32WBxx_HAL_Driver/Src/stm32wbxx_hal_rcc.o
 .text.LL_RCC_LSI1_IsReady
                0x0800197e       0x24 ./Drivers/STM32WBxx_HAL_Driver/Src/stm32wbxx_hal_rcc.o
 .text.LL_RCC_LSI2_Enable
                0x080019a2       0x22 ./Drivers/STM32WBxx_HAL_Driver/Src/stm32wbxx_hal_rcc.o
 .text.LL_RCC_LSI2_Disable
                0x080019c4       0x22 ./Drivers/STM32WBxx_HAL_Driver/Src/stm32wbxx_hal_rcc.o
 .text.LL_RCC_LSI2_IsReady
                0x080019e6       0x24 ./Drivers/STM32WBxx_HAL_Driver/Src/stm32wbxx_hal_rcc.o
 .text.LL_RCC_LSI2_SetTrimming
                0x08001a0a       0x2e ./Drivers/STM32WBxx_HAL_Driver/Src/stm32wbxx_hal_rcc.o
 .text.LL_RCC_MSI_Enable
                0x08001a38       0x1e ./Drivers/STM32WBxx_HAL_Driver/Src/stm32wbxx_hal_rcc.o
 .text.LL_RCC_MSI_Disable
                0x08001a56       0x1e ./Drivers/STM32WBxx_HAL_Driver/Src/stm32wbxx_hal_rcc.o
 .text.LL_RCC_MSI_IsReady
                0x08001a74       0x22 ./Drivers/STM32WBxx_HAL_Driver/Src/stm32wbxx_hal_rcc.o
 .text.LL_RCC_MSI_SetRange
                0x08001a96       0x28 ./Drivers/STM32WBxx_HAL_Driver/Src/stm32wbxx_hal_rcc.o
 .text.LL_RCC_MSI_GetRange
                0x08001abe       0x2a ./Drivers/STM32WBxx_HAL_Driver/Src/stm32wbxx_hal_rcc.o
 .text.LL_RCC_MSI_SetCalibTrimming
                0x08001ae8       0x2a ./Drivers/STM32WBxx_HAL_Driver/Src/stm32wbxx_hal_rcc.o
 .text.LL_RCC_SetSysClkSource
                0x08001b12       0x28 ./Drivers/STM32WBxx_HAL_Driver/Src/stm32wbxx_hal_rcc.o
 .text.LL_RCC_GetSysClkSource
                0x08001b3a       0x18 ./Drivers/STM32WBxx_HAL_Driver/Src/stm32wbxx_hal_rcc.o
 .text.LL_RCC_SetAHBPrescaler
                0x08001b52       0x28 ./Drivers/STM32WBxx_HAL_Driver/Src/stm32wbxx_hal_rcc.o
 .text.LL_C2_RCC_SetAHBPrescaler
                0x08001b7a       0x2c ./Drivers/STM32WBxx_HAL_Driver/Src/stm32wbxx_hal_rcc.o
 .text.LL_RCC_SetAHB4Prescaler
                0x08001ba6       0x2e ./Drivers/STM32WBxx_HAL_Driver/Src/stm32wbxx_hal_rcc.o
 .text.LL_RCC_SetAPB1Prescaler
                0x08001bd4       0x28 ./Drivers/STM32WBxx_HAL_Driver/Src/stm32wbxx_hal_rcc.o
 .text.LL_RCC_SetAPB2Prescaler
                0x08001bfc       0x28 ./Drivers/STM32WBxx_HAL_Driver/Src/stm32wbxx_hal_rcc.o
 .text.LL_RCC_GetAHBPrescaler
                0x08001c24       0x18 ./Drivers/STM32WBxx_HAL_Driver/Src/stm32wbxx_hal_rcc.o
 .text.LL_RCC_GetAHB4Prescaler
                0x08001c3c       0x1c ./Drivers/STM32WBxx_HAL_Driver/Src/stm32wbxx_hal_rcc.o
 .text.LL_RCC_PLL_Enable
                0x08001c58       0x1e ./Drivers/STM32WBxx_HAL_Driver/Src/stm32wbxx_hal_rcc.o
 .text.LL_RCC_PLL_Disable
                0x08001c76       0x1e ./Drivers/STM32WBxx_HAL_Driver/Src/stm32wbxx_hal_rcc.o
 .text.LL_RCC_PLL_IsReady
                0x08001c94       0x24 ./Drivers/STM32WBxx_HAL_Driver/Src/stm32wbxx_hal_rcc.o
 .text.LL_RCC_PLL_GetN
                0x08001cb8       0x1a ./Drivers/STM32WBxx_HAL_Driver/Src/stm32wbxx_hal_rcc.o
 .text.LL_RCC_PLL_GetR
                0x08001cd2       0x18 ./Drivers/STM32WBxx_HAL_Driver/Src/stm32wbxx_hal_rcc.o
 .text.LL_RCC_PLL_GetDivider
                0x08001cea       0x18 ./Drivers/STM32WBxx_HAL_Driver/Src/stm32wbxx_hal_rcc.o
 .text.LL_RCC_PLL_GetMainSource
                0x08001d02       0x18 ./Drivers/STM32WBxx_HAL_Driver/Src/stm32wbxx_hal_rcc.o
 .text.LL_RCC_IsActiveFlag_HPRE
                0x08001d1a       0x24 ./Drivers/STM32WBxx_HAL_Driver/Src/stm32wbxx_hal_rcc.o
 .text.LL_RCC_IsActiveFlag_C2HPRE
                0x08001d3e       0x26 ./Drivers/STM32WBxx_HAL_Driver/Src/stm32wbxx_hal_rcc.o
 .text.LL_RCC_IsActiveFlag_SHDHPRE
                0x08001d64       0x26 ./Drivers/STM32WBxx_HAL_Driver/Src/stm32wbxx_hal_rcc.o
 .text.LL_RCC_IsActiveFlag_PPRE1
                0x08001d8a       0x24 ./Drivers/STM32WBxx_HAL_Driver/Src/stm32wbxx_hal_rcc.o
 .text.LL_RCC_IsActiveFlag_PPRE2
                0x08001dae       0x24 ./Drivers/STM32WBxx_HAL_Driver/Src/stm32wbxx_hal_rcc.o
 *fill*         0x08001dd2        0x2 
 .text.HAL_RCC_OscConfig
                0x08001dd4      0x6d4 ./Drivers/STM32WBxx_HAL_Driver/Src/stm32wbxx_hal_rcc.o
                0x08001dd4                HAL_RCC_OscConfig
 .text.HAL_RCC_ClockConfig
                0x080024a8      0x280 ./Drivers/STM32WBxx_HAL_Driver/Src/stm32wbxx_hal_rcc.o
                0x080024a8                HAL_RCC_ClockConfig
 .text.HAL_RCC_GetSysClockFreq
                0x08002728       0xd8 ./Drivers/STM32WBxx_HAL_Driver/Src/stm32wbxx_hal_rcc.o
                0x08002728                HAL_RCC_GetSysClockFreq
 .text.HAL_RCC_GetHCLKFreq
                0x08002800       0x28 ./Drivers/STM32WBxx_HAL_Driver/Src/stm32wbxx_hal_rcc.o
                0x08002800                HAL_RCC_GetHCLKFreq
 .text.RCC_SetFlashLatencyFromMSIRange
                0x08002828       0x6c ./Drivers/STM32WBxx_HAL_Driver/Src/stm32wbxx_hal_rcc.o
 .text.RCC_SetFlashLatency
                0x08002894       0xa8 ./Drivers/STM32WBxx_HAL_Driver/Src/stm32wbxx_hal_rcc.o
 .text.LL_RCC_LSE_IsEnabled
                0x0800293c       0x24 ./Drivers/STM32WBxx_HAL_Driver/Src/stm32wbxx_hal_rcc_ex.o
 .text.LL_RCC_LSE_IsReady
                0x08002960       0x24 ./Drivers/STM32WBxx_HAL_Driver/Src/stm32wbxx_hal_rcc_ex.o
 .text.LL_RCC_SetRFWKPClockSource
                0x08002984       0x2c ./Drivers/STM32WBxx_HAL_Driver/Src/stm32wbxx_hal_rcc_ex.o
 .text.LL_RCC_SetUSARTClockSource
                0x080029b0       0x2c ./Drivers/STM32WBxx_HAL_Driver/Src/stm32wbxx_hal_rcc_ex.o
 .text.LL_RCC_SetI2CClockSource
                0x080029dc       0x3a ./Drivers/STM32WBxx_HAL_Driver/Src/stm32wbxx_hal_rcc_ex.o
 .text.LL_RCC_SetLPTIMClockSource
                0x08002a16       0x34 ./Drivers/STM32WBxx_HAL_Driver/Src/stm32wbxx_hal_rcc_ex.o
 .text.LL_RCC_SetRNGClockSource
                0x08002a4a       0x2c ./Drivers/STM32WBxx_HAL_Driver/Src/stm32wbxx_hal_rcc_ex.o
 .text.LL_RCC_SetCLK48ClockSource
                0x08002a76       0x2c ./Drivers/STM32WBxx_HAL_Driver/Src/stm32wbxx_hal_rcc_ex.o
 .text.LL_RCC_SetADCClockSource
                0x08002aa2       0x2c ./Drivers/STM32WBxx_HAL_Driver/Src/stm32wbxx_hal_rcc_ex.o
 .text.LL_RCC_SetRTCClockSource
                0x08002ace       0x2c ./Drivers/STM32WBxx_HAL_Driver/Src/stm32wbxx_hal_rcc_ex.o
 .text.LL_RCC_GetRTCClockSource
                0x08002afa       0x1a ./Drivers/STM32WBxx_HAL_Driver/Src/stm32wbxx_hal_rcc_ex.o
 .text.LL_RCC_ForceBackupDomainReset
                0x08002b14       0x22 ./Drivers/STM32WBxx_HAL_Driver/Src/stm32wbxx_hal_rcc_ex.o
 .text.LL_RCC_ReleaseBackupDomainReset
                0x08002b36       0x22 ./Drivers/STM32WBxx_HAL_Driver/Src/stm32wbxx_hal_rcc_ex.o
 .text.HAL_RCCEx_PeriphCLKConfig
                0x08002b58      0x1b6 ./Drivers/STM32WBxx_HAL_Driver/Src/stm32wbxx_hal_rcc_ex.o
                0x08002b58                HAL_RCCEx_PeriphCLKConfig
 .text.HAL_RTC_Init
                0x08002d0e      0x114 ./Drivers/STM32WBxx_HAL_Driver/Src/stm32wbxx_hal_rtc.o
                0x08002d0e                HAL_RTC_Init
 *fill*         0x08002e22        0x2 
 .text.HAL_RTC_WaitForSynchro
                0x08002e24       0x4c ./Drivers/STM32WBxx_HAL_Driver/Src/stm32wbxx_hal_rtc.o
                0x08002e24                HAL_RTC_WaitForSynchro
 .text.RTC_EnterInitMode
                0x08002e70       0x70 ./Drivers/STM32WBxx_HAL_Driver/Src/stm32wbxx_hal_rtc.o
                0x08002e70                RTC_EnterInitMode
 .text.RTC_ExitInitMode
                0x08002ee0       0x4c ./Drivers/STM32WBxx_HAL_Driver/Src/stm32wbxx_hal_rtc.o
                0x08002ee0                RTC_ExitInitMode
 .text.HAL_RTCEx_SetWakeUpTimer
                0x08002f2c      0x14c ./Drivers/STM32WBxx_HAL_Driver/Src/stm32wbxx_hal_rtc_ex.o
                0x08002f2c                HAL_RTCEx_SetWakeUpTimer
 .text.HAL_TIM_Base_Init
                0x08003078       0xae ./Drivers/STM32WBxx_HAL_Driver/Src/stm32wbxx_hal_tim.o
                0x08003078                HAL_TIM_Base_Init
 *fill*         0x08003126        0x2 
 .text.HAL_TIM_Base_Start_IT
                0x08003128       0x9c ./Drivers/STM32WBxx_HAL_Driver/Src/stm32wbxx_hal_tim.o
                0x08003128                HAL_TIM_Base_Start_IT
 .text.HAL_TIM_Base_Stop_IT
                0x080031c4       0x60 ./Drivers/STM32WBxx_HAL_Driver/Src/stm32wbxx_hal_tim.o
                0x080031c4                HAL_TIM_Base_Stop_IT
 .text.HAL_TIM_IRQHandler
                0x08003224      0x20e ./Drivers/STM32WBxx_HAL_Driver/Src/stm32wbxx_hal_tim.o
                0x08003224                HAL_TIM_IRQHandler
 .text.HAL_TIM_OC_DelayElapsedCallback
                0x08003432       0x14 ./Drivers/STM32WBxx_HAL_Driver/Src/stm32wbxx_hal_tim.o
                0x08003432                HAL_TIM_OC_DelayElapsedCallback
 .text.HAL_TIM_IC_CaptureCallback
                0x08003446       0x14 ./Drivers/STM32WBxx_HAL_Driver/Src/stm32wbxx_hal_tim.o
                0x08003446                HAL_TIM_IC_CaptureCallback
 .text.HAL_TIM_PWM_PulseFinishedCallback
                0x0800345a       0x14 ./Drivers/STM32WBxx_HAL_Driver/Src/stm32wbxx_hal_tim.o
                0x0800345a                HAL_TIM_PWM_PulseFinishedCallback
 .text.HAL_TIM_TriggerCallback
                0x0800346e       0x14 ./Drivers/STM32WBxx_HAL_Driver/Src/stm32wbxx_hal_tim.o
                0x0800346e                HAL_TIM_TriggerCallback
 *fill*         0x08003482        0x2 
 .text.TIM_Base_SetConfig
                0x08003484       0xd4 ./Drivers/STM32WBxx_HAL_Driver/Src/stm32wbxx_hal_tim.o
                0x08003484                TIM_Base_SetConfig
 .text.HAL_TIMEx_CommutCallback
                0x08003558       0x14 ./Drivers/STM32WBxx_HAL_Driver/Src/stm32wbxx_hal_tim_ex.o
                0x08003558                HAL_TIMEx_CommutCallback
 .text.HAL_TIMEx_BreakCallback
                0x0800356c       0x14 ./Drivers/STM32WBxx_HAL_Driver/Src/stm32wbxx_hal_tim_ex.o
                0x0800356c                HAL_TIMEx_BreakCallback
 .text.HAL_TIMEx_Break2Callback
                0x08003580       0x14 ./Drivers/STM32WBxx_HAL_Driver/Src/stm32wbxx_hal_tim_ex.o
                0x08003580                HAL_TIMEx_Break2Callback
 .text.aci_gap_set_non_discoverable
                0x08003594       0x48 ./Middlewares/ST/STM32_WPAN/ble/core/auto/ble_gap_aci.o
                0x08003594                aci_gap_set_non_discoverable
 .text.aci_gap_set_discoverable
                0x080035dc      0x1f4 ./Middlewares/ST/STM32_WPAN/ble/core/auto/ble_gap_aci.o
                0x080035dc                aci_gap_set_discoverable
 .text.aci_gap_set_io_capability
                0x080037d0       0xa8 ./Middlewares/ST/STM32_WPAN/ble/core/auto/ble_gap_aci.o
                0x080037d0                aci_gap_set_io_capability
 .text.aci_gap_set_authentication_requirement
                0x08003878      0x188 ./Middlewares/ST/STM32_WPAN/ble/core/auto/ble_gap_aci.o
                0x08003878                aci_gap_set_authentication_requirement
 .text.aci_gap_pass_key_resp
                0x08003a00       0xce ./Middlewares/ST/STM32_WPAN/ble/core/auto/ble_gap_aci.o
                0x08003a00                aci_gap_pass_key_resp
 .text.aci_gap_init
                0x08003ace      0x15a ./Middlewares/ST/STM32_WPAN/ble/core/auto/ble_gap_aci.o
                0x08003ace                aci_gap_init
 .text.aci_gap_update_adv_data
                0x08003c28       0xe4 ./Middlewares/ST/STM32_WPAN/ble/core/auto/ble_gap_aci.o
                0x08003c28                aci_gap_update_adv_data
 .text.aci_gap_configure_filter_accept_list
                0x08003d0c       0x48 ./Middlewares/ST/STM32_WPAN/ble/core/auto/ble_gap_aci.o
                0x08003d0c                aci_gap_configure_filter_accept_list
 .text.aci_gap_numeric_comparison_value_confirm_yesno
                0x08003d54       0xce ./Middlewares/ST/STM32_WPAN/ble/core/auto/ble_gap_aci.o
                0x08003d54                aci_gap_numeric_comparison_value_confirm_yesno
 .text.aci_gatt_init
                0x08003e22       0x4a ./Middlewares/ST/STM32_WPAN/ble/core/auto/ble_gatt_aci.o
                0x08003e22                aci_gatt_init
 .text.aci_gatt_add_service
                0x08003e6c      0x1ac ./Middlewares/ST/STM32_WPAN/ble/core/auto/ble_gatt_aci.o
                0x08003e6c                aci_gatt_add_service
 .text.aci_gatt_add_char
                0x08004018      0x210 ./Middlewares/ST/STM32_WPAN/ble/core/auto/ble_gatt_aci.o
                0x08004018                aci_gatt_add_char
 .text.aci_gatt_update_char_value
                0x08004228      0x152 ./Middlewares/ST/STM32_WPAN/ble/core/auto/ble_gatt_aci.o
                0x08004228                aci_gatt_update_char_value
 .text.aci_gatt_confirm_indication
                0x0800437a       0xaa ./Middlewares/ST/STM32_WPAN/ble/core/auto/ble_gatt_aci.o
                0x0800437a                aci_gatt_confirm_indication
 .text.aci_hal_write_config_data
                0x08004424      0x10a ./Middlewares/ST/STM32_WPAN/ble/core/auto/ble_hal_aci.o
                0x08004424                aci_hal_write_config_data
 .text.aci_hal_set_tx_power_level
                0x0800452e       0xce ./Middlewares/ST/STM32_WPAN/ble/core/auto/ble_hal_aci.o
                0x0800452e                aci_hal_set_tx_power_level
 .text.aci_hal_set_radio_activity_mask
                0x080045fc       0xa8 ./Middlewares/ST/STM32_WPAN/ble/core/auto/ble_hal_aci.o
                0x080045fc                aci_hal_set_radio_activity_mask
 .text.hci_reset
                0x080046a4       0x48 ./Middlewares/ST/STM32_WPAN/ble/core/auto/ble_hci_le.o
                0x080046a4                hci_reset
 .text.hci_le_set_default_phy
                0x080046ec       0xfa ./Middlewares/ST/STM32_WPAN/ble/core/auto/ble_hci_le.o
                0x080046ec                hci_le_set_default_phy
 .text.Osal_MemCpy
                0x080047e6       0x20 ./Middlewares/ST/STM32_WPAN/ble/core/template/osal.o
                0x080047e6                Osal_MemCpy
 .text.Osal_MemSet
                0x08004806       0x20 ./Middlewares/ST/STM32_WPAN/ble/core/template/osal.o
                0x08004806                Osal_MemSet
 .text.BAS_Init
                0x08004826        0xe ./Middlewares/ST/STM32_WPAN/ble/svc/Src/svc_ctl.o
                0x08004826                BAS_Init
 .text.BLS_Init
                0x08004834        0xe ./Middlewares/ST/STM32_WPAN/ble/svc/Src/svc_ctl.o
                0x08004834                BLS_Init
 .text.CRS_STM_Init
                0x08004842        0xe ./Middlewares/ST/STM32_WPAN/ble/svc/Src/svc_ctl.o
                0x08004842                CRS_STM_Init
 .text.DIS_Init
                0x08004850        0xe ./Middlewares/ST/STM32_WPAN/ble/svc/Src/svc_ctl.o
                0x08004850                DIS_Init
 .text.EDS_STM_Init
                0x0800485e        0xe ./Middlewares/ST/STM32_WPAN/ble/svc/Src/svc_ctl.o
                0x0800485e                EDS_STM_Init
 .text.HIDS_Init
                0x0800486c        0xe ./Middlewares/ST/STM32_WPAN/ble/svc/Src/svc_ctl.o
                0x0800486c                HIDS_Init
 .text.HRS_Init
                0x0800487a        0xe ./Middlewares/ST/STM32_WPAN/ble/svc/Src/svc_ctl.o
                0x0800487a                HRS_Init
 .text.HTS_Init
                0x08004888        0xe ./Middlewares/ST/STM32_WPAN/ble/svc/Src/svc_ctl.o
                0x08004888                HTS_Init
 .text.IAS_Init
                0x08004896        0xe ./Middlewares/ST/STM32_WPAN/ble/svc/Src/svc_ctl.o
                0x08004896                IAS_Init
 .text.LLS_Init
                0x080048a4        0xe ./Middlewares/ST/STM32_WPAN/ble/svc/Src/svc_ctl.o
                0x080048a4                LLS_Init
 .text.TPS_Init
                0x080048b2        0xe ./Middlewares/ST/STM32_WPAN/ble/svc/Src/svc_ctl.o
                0x080048b2                TPS_Init
 .text.MOTENV_STM_Init
                0x080048c0        0xe ./Middlewares/ST/STM32_WPAN/ble/svc/Src/svc_ctl.o
                0x080048c0                MOTENV_STM_Init
 .text.P2PS_STM_Init
                0x080048ce        0xe ./Middlewares/ST/STM32_WPAN/ble/svc/Src/svc_ctl.o
                0x080048ce                P2PS_STM_Init
 .text.ZDD_STM_Init
                0x080048dc        0xe ./Middlewares/ST/STM32_WPAN/ble/svc/Src/svc_ctl.o
                0x080048dc                ZDD_STM_Init
 .text.OTAS_STM_Init
                0x080048ea        0xe ./Middlewares/ST/STM32_WPAN/ble/svc/Src/svc_ctl.o
                0x080048ea                OTAS_STM_Init
 .text.MESH_Init
                0x080048f8        0xe ./Middlewares/ST/STM32_WPAN/ble/svc/Src/svc_ctl.o
                0x080048f8                MESH_Init
 .text.BVOPUS_STM_Init
                0x08004906        0xe ./Middlewares/ST/STM32_WPAN/ble/svc/Src/svc_ctl.o
                0x08004906                BVOPUS_STM_Init
 .text.SVCCTL_Init
                0x08004914       0x20 ./Middlewares/ST/STM32_WPAN/ble/svc/Src/svc_ctl.o
                0x08004914                SVCCTL_Init
 .text.SVCCTL_SvcInit
                0x08004934       0x50 ./Middlewares/ST/STM32_WPAN/ble/svc/Src/svc_ctl.o
                0x08004934                SVCCTL_SvcInit
 .text.SVCCTL_RegisterSvcHandler
                0x08004984       0x34 ./Middlewares/ST/STM32_WPAN/ble/svc/Src/svc_ctl.o
                0x08004984                SVCCTL_RegisterSvcHandler
 .text.SVCCTL_UserEvtRx
                0x080049b8       0xa8 ./Middlewares/ST/STM32_WPAN/ble/svc/Src/svc_ctl.o
                0x080049b8                SVCCTL_UserEvtRx
 .text.SHCI_C2_BLE_Init
                0x08004a60       0x2e ./Middlewares/ST/STM32_WPAN/interface/patterns/ble_thread/shci/shci.o
                0x08004a60                SHCI_C2_BLE_Init
 .text.SHCI_C2_DEBUG_Init
                0x08004a8e       0x2e ./Middlewares/ST/STM32_WPAN/interface/patterns/ble_thread/shci/shci.o
                0x08004a8e                SHCI_C2_DEBUG_Init
 .text.SHCI_C2_Config
                0x08004abc       0x2a ./Middlewares/ST/STM32_WPAN/interface/patterns/ble_thread/shci/shci.o
                0x08004abc                SHCI_C2_Config
 *fill*         0x08004ae6        0x2 
 .text.SHCI_GetWirelessFwInfo
                0x08004ae8      0x15c ./Middlewares/ST/STM32_WPAN/interface/patterns/ble_thread/shci/shci.o
                0x08004ae8                SHCI_GetWirelessFwInfo
 .text.hci_init
                0x08004c44       0x38 ./Middlewares/ST/STM32_WPAN/interface/patterns/ble_thread/tl/hci_tl.o
                0x08004c44                hci_init
 .text.hci_user_evt_proc
                0x08004c7c       0x9c ./Middlewares/ST/STM32_WPAN/interface/patterns/ble_thread/tl/hci_tl.o
                0x08004c7c                hci_user_evt_proc
 .text.hci_send_req
                0x08004d18      0x108 ./Middlewares/ST/STM32_WPAN/interface/patterns/ble_thread/tl/hci_tl.o
                0x08004d18                hci_send_req
 .text.TlInit   0x08004e20       0x60 ./Middlewares/ST/STM32_WPAN/interface/patterns/ble_thread/tl/hci_tl.o
 .text.SendCmd  0x08004e80       0x4c ./Middlewares/ST/STM32_WPAN/interface/patterns/ble_thread/tl/hci_tl.o
 .text.NotifyCmdStatus
                0x08004ecc       0x40 ./Middlewares/ST/STM32_WPAN/interface/patterns/ble_thread/tl/hci_tl.o
 .text.TlEvtReceived
                0x08004f0c       0x48 ./Middlewares/ST/STM32_WPAN/interface/patterns/ble_thread/tl/hci_tl.o
 .text.hci_register_io_bus
                0x08004f54       0x28 ./Middlewares/ST/STM32_WPAN/interface/patterns/ble_thread/tl/hci_tl_if.o
                0x08004f54                hci_register_io_bus
 .text.shci_init
                0x08004f7c       0x38 ./Middlewares/ST/STM32_WPAN/interface/patterns/ble_thread/tl/shci_tl.o
                0x08004f7c                shci_init
 .text.shci_user_evt_proc
                0x08004fb4       0x9c ./Middlewares/ST/STM32_WPAN/interface/patterns/ble_thread/tl/shci_tl.o
                0x08004fb4                shci_user_evt_proc
 .text.shci_send
                0x08005050       0x84 ./Middlewares/ST/STM32_WPAN/interface/patterns/ble_thread/tl/shci_tl.o
                0x08005050                shci_send
 .text.TlInit   0x080050d4       0x64 ./Middlewares/ST/STM32_WPAN/interface/patterns/ble_thread/tl/shci_tl.o
 .text.Cmd_SetStatus
                0x08005138       0x50 ./Middlewares/ST/STM32_WPAN/interface/patterns/ble_thread/tl/shci_tl.o
 .text.TlCmdEvtReceived
                0x08005188       0x16 ./Middlewares/ST/STM32_WPAN/interface/patterns/ble_thread/tl/shci_tl.o
 *fill*         0x0800519e        0x2 
 .text.TlUserEvtReceived
                0x080051a0       0x24 ./Middlewares/ST/STM32_WPAN/interface/patterns/ble_thread/tl/shci_tl.o
 .text.shci_register_io_bus
                0x080051c4       0x28 ./Middlewares/ST/STM32_WPAN/interface/patterns/ble_thread/tl/shci_tl_if.o
                0x080051c4                shci_register_io_bus
 .text.TL_Enable
                0x080051ec        0xc ./Middlewares/ST/STM32_WPAN/interface/patterns/ble_thread/tl/tl_mbox.o
                0x080051ec                TL_Enable
 .text.TL_Init  0x080051f8       0x74 ./Middlewares/ST/STM32_WPAN/interface/patterns/ble_thread/tl/tl_mbox.o
                0x080051f8                TL_Init
 .text.TL_BLE_Init
                0x0800526c       0x68 ./Middlewares/ST/STM32_WPAN/interface/patterns/ble_thread/tl/tl_mbox.o
                0x0800526c                TL_BLE_Init
 .text.TL_BLE_SendCmd
                0x080052d4       0x38 ./Middlewares/ST/STM32_WPAN/interface/patterns/ble_thread/tl/tl_mbox.o
                0x080052d4                TL_BLE_SendCmd
 .text.HW_IPCC_BLE_RxEvtNot
                0x0800530c       0x60 ./Middlewares/ST/STM32_WPAN/interface/patterns/ble_thread/tl/tl_mbox.o
                0x0800530c                HW_IPCC_BLE_RxEvtNot
 .text.HW_IPCC_BLE_AclDataAckNot
                0x0800536c       0x14 ./Middlewares/ST/STM32_WPAN/interface/patterns/ble_thread/tl/tl_mbox.o
                0x0800536c                HW_IPCC_BLE_AclDataAckNot
 .text.TL_SYS_Init
                0x08005380       0x54 ./Middlewares/ST/STM32_WPAN/interface/patterns/ble_thread/tl/tl_mbox.o
                0x08005380                TL_SYS_Init
 .text.TL_SYS_SendCmd
                0x080053d4       0x38 ./Middlewares/ST/STM32_WPAN/interface/patterns/ble_thread/tl/tl_mbox.o
                0x080053d4                TL_SYS_SendCmd
 .text.HW_IPCC_SYS_CmdEvtNot
                0x0800540c       0x2c ./Middlewares/ST/STM32_WPAN/interface/patterns/ble_thread/tl/tl_mbox.o
                0x0800540c                HW_IPCC_SYS_CmdEvtNot
 .text.HW_IPCC_SYS_EvtNot
                0x08005438       0x44 ./Middlewares/ST/STM32_WPAN/interface/patterns/ble_thread/tl/tl_mbox.o
                0x08005438                HW_IPCC_SYS_EvtNot
 .text.TL_MM_Init
                0x0800547c       0x78 ./Middlewares/ST/STM32_WPAN/interface/patterns/ble_thread/tl/tl_mbox.o
                0x0800547c                TL_MM_Init
 .text.TL_MM_EvtDone
                0x080054f4       0x30 ./Middlewares/ST/STM32_WPAN/interface/patterns/ble_thread/tl/tl_mbox.o
                0x080054f4                TL_MM_EvtDone
 .text.SendFreeBuf
                0x08005524       0x40 ./Middlewares/ST/STM32_WPAN/interface/patterns/ble_thread/tl/tl_mbox.o
 .text.TL_TRACES_Init
                0x08005564       0x24 ./Middlewares/ST/STM32_WPAN/interface/patterns/ble_thread/tl/tl_mbox.o
                0x08005564                TL_TRACES_Init
 .text.HW_IPCC_TRACES_EvtNot
                0x08005588       0x34 ./Middlewares/ST/STM32_WPAN/interface/patterns/ble_thread/tl/tl_mbox.o
                0x08005588                HW_IPCC_TRACES_EvtNot
 .text.TL_TRACES_EvtReceived
                0x080055bc       0x14 ./Middlewares/ST/STM32_WPAN/interface/patterns/ble_thread/tl/tl_mbox.o
                0x080055bc                TL_TRACES_EvtReceived
 .text.OutputDbgTrace
                0x080055d0       0xac ./Middlewares/ST/STM32_WPAN/interface/patterns/ble_thread/tl/tl_mbox.o
 .text.OTP_Read
                0x0800567c       0x50 ./Middlewares/ST/STM32_WPAN/utilities/otp.o
                0x0800567c                OTP_Read
 .text.LST_init_head
                0x080056cc       0x20 ./Middlewares/ST/STM32_WPAN/utilities/stm_list.o
                0x080056cc                LST_init_head
 .text.LST_is_empty
                0x080056ec       0x44 ./Middlewares/ST/STM32_WPAN/utilities/stm_list.o
                0x080056ec                LST_is_empty
 .text.LST_insert_head
                0x08005730       0x4c ./Middlewares/ST/STM32_WPAN/utilities/stm_list.o
                0x08005730                LST_insert_head
 .text.LST_insert_tail
                0x0800577c       0x4c ./Middlewares/ST/STM32_WPAN/utilities/stm_list.o
                0x0800577c                LST_insert_tail
 .text.LST_remove_node
                0x080057c8       0x42 ./Middlewares/ST/STM32_WPAN/utilities/stm_list.o
                0x080057c8                LST_remove_node
 .text.LST_remove_head
                0x0800580a       0x3e ./Middlewares/ST/STM32_WPAN/utilities/stm_list.o
                0x0800580a                LST_remove_head
 .text.LL_FLASH_GetUDN
                0x08005848       0x18 ./STM32_WPAN/App/app_ble.o
 .text.LL_FLASH_GetDeviceID
                0x08005860       0x18 ./STM32_WPAN/App/app_ble.o
 .text.LL_FLASH_GetSTCompanyID
                0x08005878       0x18 ./STM32_WPAN/App/app_ble.o
 .text.APP_BLE_Init
                0x08005890       0xe0 ./STM32_WPAN/App/app_ble.o
                0x08005890                APP_BLE_Init
 .text.SVCCTL_App_Notification
                0x08005970      0x1b8 ./STM32_WPAN/App/app_ble.o
                0x08005970                SVCCTL_App_Notification
 .text.Ble_Tl_Init
                0x08005b28       0x2c ./STM32_WPAN/App/app_ble.o
 .text.Ble_Hci_Gap_Gatt_Init
                0x08005b54      0x168 ./STM32_WPAN/App/app_ble.o
 .text.Adv_Request
                0x08005cbc       0x60 ./STM32_WPAN/App/app_ble.o
 .text.BleGetBdAddress
                0x08005d1c       0x88 ./STM32_WPAN/App/app_ble.o
 .text.Adv_Cancel
                0x08005da4       0x34 ./STM32_WPAN/App/app_ble.o
 .text.hci_notify_asynch_evt
                0x08005dd8       0x18 ./STM32_WPAN/App/app_ble.o
                0x08005dd8                hci_notify_asynch_evt
 .text.hci_cmd_resp_release
                0x08005df0       0x16 ./STM32_WPAN/App/app_ble.o
                0x08005df0                hci_cmd_resp_release
 .text.hci_cmd_resp_wait
                0x08005e06       0x16 ./STM32_WPAN/App/app_ble.o
                0x08005e06                hci_cmd_resp_wait
 .text.BLE_UserEvtRx
                0x08005e1c       0x38 ./STM32_WPAN/App/app_ble.o
 .text.BLE_StatusNot
                0x08005e54       0x36 ./STM32_WPAN/App/app_ble.o
 .text.Push_IMU_Data
                0x08005e8a       0x14 ./STM32_WPAN/App/custom_app.o
                0x08005e8a                Push_IMU_Data
 .text.Push_State
                0x08005e9e        0xc ./STM32_WPAN/App/custom_app.o
                0x08005e9e                Push_State
 *fill*         0x08005eaa        0x2 
 .text.Custom_STM_App_Notification
                0x08005eac       0x68 ./STM32_WPAN/App/custom_app.o
                0x08005eac                Custom_STM_App_Notification
 .text.Custom_APP_Notification
                0x08005f14       0x28 ./STM32_WPAN/App/custom_app.o
                0x08005f14                Custom_APP_Notification
 .text.Custom_APP_Init
                0x08005f3c        0xe ./STM32_WPAN/App/custom_app.o
                0x08005f3c                Custom_APP_Init
 *fill*         0x08005f4a        0x2 
 .text.Custom_Data_imu_Update_Char
                0x08005f4c       0x30 ./STM32_WPAN/App/custom_app.o
 .text.Custom_Get_state_Update_Char
                0x08005f7c       0x30 ./STM32_WPAN/App/custom_app.o
 .text.Custom_STM_Event_Handler
                0x08005fac      0x1c8 ./STM32_WPAN/App/custom_stm.o
 .text.SVCCTL_InitCustomSvc
                0x08006174      0x1d4 ./STM32_WPAN/App/custom_stm.o
                0x08006174                SVCCTL_InitCustomSvc
 .text.Custom_STM_App_Update_Char
                0x08006348       0xa0 ./STM32_WPAN/App/custom_stm.o
                0x08006348                Custom_STM_App_Update_Char
 .text.LL_PWR_EnableBootC2
                0x080063e8       0x20 ./STM32_WPAN/Target/hw_ipcc.o
 .text.LL_C2_EXTI_EnableEvent_32_63
                0x08006408       0x28 ./STM32_WPAN/Target/hw_ipcc.o
 .text.LL_EXTI_EnableRisingTrig_32_63
                0x08006430       0x24 ./STM32_WPAN/Target/hw_ipcc.o
 .text.LL_AHB3_GRP1_EnableClock
                0x08006454       0x32 ./STM32_WPAN/Target/hw_ipcc.o
 .text.LL_C2_AHB3_GRP1_EnableClock
                0x08006486       0x38 ./STM32_WPAN/Target/hw_ipcc.o
 .text.LL_C1_IPCC_EnableIT_TXF
                0x080064be       0x20 ./STM32_WPAN/Target/hw_ipcc.o
 .text.LL_C1_IPCC_EnableIT_RXO
                0x080064de       0x20 ./STM32_WPAN/Target/hw_ipcc.o
 .text.LL_C1_IPCC_EnableTransmitChannel
                0x080064fe       0x26 ./STM32_WPAN/Target/hw_ipcc.o
 .text.LL_C1_IPCC_DisableTransmitChannel
                0x08006524       0x24 ./STM32_WPAN/Target/hw_ipcc.o
 .text.LL_C1_IPCC_EnableReceiveChannel
                0x08006548       0x24 ./STM32_WPAN/Target/hw_ipcc.o
 .text.LL_C1_IPCC_ClearFlag_CHx
                0x0800656c       0x1c ./STM32_WPAN/Target/hw_ipcc.o
 .text.LL_C1_IPCC_SetFlag_CHx
                0x08006588       0x1e ./STM32_WPAN/Target/hw_ipcc.o
 .text.LL_C1_IPCC_IsActiveFlag_CHx
                0x080065a6       0x2a ./STM32_WPAN/Target/hw_ipcc.o
 .text.LL_C2_IPCC_IsActiveFlag_CHx
                0x080065d0       0x2a ./STM32_WPAN/Target/hw_ipcc.o
 *fill*         0x080065fa        0x2 
 .text.HW_IPCC_Rx_Handler
                0x080065fc       0x6c ./STM32_WPAN/Target/hw_ipcc.o
                0x080065fc                HW_IPCC_Rx_Handler
 .text.HW_IPCC_Tx_Handler
                0x08006668       0x6c ./STM32_WPAN/Target/hw_ipcc.o
                0x08006668                HW_IPCC_Tx_Handler
 .text.HW_IPCC_Enable
                0x080066d4       0x28 ./STM32_WPAN/Target/hw_ipcc.o
                0x080066d4                HW_IPCC_Enable
 .text.HW_IPCC_Init
                0x080066fc       0x2c ./STM32_WPAN/Target/hw_ipcc.o
                0x080066fc                HW_IPCC_Init
 .text.HW_IPCC_BLE_Init
                0x08006728       0x34 ./STM32_WPAN/Target/hw_ipcc.o
                0x08006728                HW_IPCC_BLE_Init
 .text.HW_IPCC_BLE_SendCmd
                0x0800675c       0x14 ./STM32_WPAN/Target/hw_ipcc.o
                0x0800675c                HW_IPCC_BLE_SendCmd
 .text.HW_IPCC_BLE_EvtHandler
                0x08006770       0x18 ./STM32_WPAN/Target/hw_ipcc.o
 .text.HW_IPCC_BLE_AclDataEvtHandler
                0x08006788       0x38 ./STM32_WPAN/Target/hw_ipcc.o
 .text.HW_IPCC_SYS_Init
                0x080067c0       0x34 ./STM32_WPAN/Target/hw_ipcc.o
                0x080067c0                HW_IPCC_SYS_Init
 .text.HW_IPCC_SYS_SendCmd
                0x080067f4       0x3c ./STM32_WPAN/Target/hw_ipcc.o
                0x080067f4                HW_IPCC_SYS_SendCmd
 .text.HW_IPCC_SYS_CmdEvtHandler
                0x08006830       0x38 ./STM32_WPAN/Target/hw_ipcc.o
 .text.HW_IPCC_SYS_EvtHandler
                0x08006868       0x18 ./STM32_WPAN/Target/hw_ipcc.o
 .text.HW_IPCC_MM_SendFreeBuf
                0x08006880       0x5c ./STM32_WPAN/Target/hw_ipcc.o
                0x08006880                HW_IPCC_MM_SendFreeBuf
 .text.HW_IPCC_MM_FreeBufHandler
                0x080068dc       0x48 ./STM32_WPAN/Target/hw_ipcc.o
 .text.HW_IPCC_TRACES_Init
                0x08006924       0x34 ./STM32_WPAN/Target/hw_ipcc.o
                0x08006924                HW_IPCC_TRACES_Init
 .text.HW_IPCC_TRACES_EvtHandler
                0x08006958       0x18 ./STM32_WPAN/Target/hw_ipcc.o
 .text.UTIL_LPM_Init
                0x08006970       0x24 ./Utilities/lpm/tiny_lpm/stm32_lpm.o
                0x08006970                UTIL_LPM_Init
 .text.UTIL_LPM_SetOffMode
                0x08006994       0x60 ./Utilities/lpm/tiny_lpm/stm32_lpm.o
                0x08006994                UTIL_LPM_SetOffMode
 .text.UTIL_SEQ_Run
                0x080069f4      0x1f8 ./Utilities/sequencer/stm32_seq.o
                0x080069f4                UTIL_SEQ_Run
 .text.UTIL_SEQ_RegTask
                0x08006bec       0x44 ./Utilities/sequencer/stm32_seq.o
                0x08006bec                UTIL_SEQ_RegTask
 .text.UTIL_SEQ_SetTask
                0x08006c30       0x58 ./Utilities/sequencer/stm32_seq.o
                0x08006c30                UTIL_SEQ_SetTask
 .text.UTIL_SEQ_PauseTask
                0x08006c88       0x40 ./Utilities/sequencer/stm32_seq.o
                0x08006c88                UTIL_SEQ_PauseTask
 .text.UTIL_SEQ_ResumeTask
                0x08006cc8       0x40 ./Utilities/sequencer/stm32_seq.o
                0x08006cc8                UTIL_SEQ_ResumeTask
 .text.UTIL_SEQ_SetEvt
                0x08006d08       0x40 ./Utilities/sequencer/stm32_seq.o
                0x08006d08                UTIL_SEQ_SetEvt
 .text.UTIL_SEQ_WaitEvt
                0x08006d48       0x94 ./Utilities/sequencer/stm32_seq.o
                0x08006d48                UTIL_SEQ_WaitEvt
 .text.UTIL_SEQ_EvtIdle
                0x08006ddc       0x1c ./Utilities/sequencer/stm32_seq.o
                0x08006ddc                UTIL_SEQ_EvtIdle
 .text.UTIL_SEQ_PreIdle
                0x08006df8        0xe ./Utilities/sequencer/stm32_seq.o
                0x08006df8                UTIL_SEQ_PreIdle
 .text.UTIL_SEQ_PostIdle
                0x08006e06        0xe ./Utilities/sequencer/stm32_seq.o
                0x08006e06                UTIL_SEQ_PostIdle
 .text.SEQ_BitPosition
                0x08006e14       0x30 ./Utilities/sequencer/stm32_seq.o
                0x08006e14                SEQ_BitPosition
 .text.memset   0x08006e44       0x10 C:/ST/STM32CubeIDE_1.18.0/STM32CubeIDE/plugins/com.st.stm32cube.ide.mcu.externaltools.gnu-tools-for-stm32.13.3.rel1.win32_1.0.0.202411081344/tools/bin/../lib/gcc/arm-none-eabi/13.3.1/../../../../arm-none-eabi/lib/thumb/v7e-m+fp/hard\libc_nano.a(libc_a-memset.o)
                0x08006e44                memset
 .text.__libc_init_array
                0x08006e54       0x48 C:/ST/STM32CubeIDE_1.18.0/STM32CubeIDE/plugins/com.st.stm32cube.ide.mcu.externaltools.gnu-tools-for-stm32.13.3.rel1.win32_1.0.0.202411081344/tools/bin/../lib/gcc/arm-none-eabi/13.3.1/../../../../arm-none-eabi/lib/thumb/v7e-m+fp/hard\libc_nano.a(libc_a-init.o)
                0x08006e54                __libc_init_array
 .text.memcpy   0x08006e9c       0x1c C:/ST/STM32CubeIDE_1.18.0/STM32CubeIDE/plugins/com.st.stm32cube.ide.mcu.externaltools.gnu-tools-for-stm32.13.3.rel1.win32_1.0.0.202411081344/tools/bin/../lib/gcc/arm-none-eabi/13.3.1/../../../../arm-none-eabi/lib/thumb/v7e-m+fp/hard\libc_nano.a(libc_a-memcpy-stub.o)
                0x08006e9c                memcpy
 *(.glue_7)
 .glue_7        0x08006eb8        0x0 linker stubs
 *(.glue_7t)
 .glue_7t       0x08006eb8        0x0 linker stubs
 *(.eh_frame)
 .eh_frame      0x08006eb8        0x0 C:/ST/STM32CubeIDE_1.18.0/STM32CubeIDE/plugins/com.st.stm32cube.ide.mcu.externaltools.gnu-tools-for-stm32.13.3.rel1.win32_1.0.0.202411081344/tools/bin/../lib/gcc/arm-none-eabi/13.3.1/thumb/v7e-m+fp/hard/crtbegin.o
 *(.init)
 .init          0x08006eb8        0x4 C:/ST/STM32CubeIDE_1.18.0/STM32CubeIDE/plugins/com.st.stm32cube.ide.mcu.externaltools.gnu-tools-for-stm32.13.3.rel1.win32_1.0.0.202411081344/tools/bin/../lib/gcc/arm-none-eabi/13.3.1/thumb/v7e-m+fp/hard/crti.o
                0x08006eb8                _init
 .init          0x08006ebc        0x8 C:/ST/STM32CubeIDE_1.18.0/STM32CubeIDE/plugins/com.st.stm32cube.ide.mcu.externaltools.gnu-tools-for-stm32.13.3.rel1.win32_1.0.0.202411081344/tools/bin/../lib/gcc/arm-none-eabi/13.3.1/thumb/v7e-m+fp/hard/crtn.o
 *(.fini)
 .fini          0x08006ec4        0x4 C:/ST/STM32CubeIDE_1.18.0/STM32CubeIDE/plugins/com.st.stm32cube.ide.mcu.externaltools.gnu-tools-for-stm32.13.3.rel1.win32_1.0.0.202411081344/tools/bin/../lib/gcc/arm-none-eabi/13.3.1/thumb/v7e-m+fp/hard/crti.o
                0x08006ec4                _fini
 .fini          0x08006ec8        0x8 C:/ST/STM32CubeIDE_1.18.0/STM32CubeIDE/plugins/com.st.stm32cube.ide.mcu.externaltools.gnu-tools-for-stm32.13.3.rel1.win32_1.0.0.202411081344/tools/bin/../lib/gcc/arm-none-eabi/13.3.1/thumb/v7e-m+fp/hard/crtn.o
                0x08006ed0                        . = ALIGN (0x4)
                0x08006ed0                        _etext = .

.vfp11_veneer   0x08006ed0        0x0
 .vfp11_veneer  0x08006ed0        0x0 linker stubs

.v4_bx          0x08006ed0        0x0
 .v4_bx         0x08006ed0        0x0 linker stubs

.iplt           0x08006ed0        0x0
 .iplt          0x08006ed0        0x0 C:/ST/STM32CubeIDE_1.18.0/STM32CubeIDE/plugins/com.st.stm32cube.ide.mcu.externaltools.gnu-tools-for-stm32.13.3.rel1.win32_1.0.0.202411081344/tools/bin/../lib/gcc/arm-none-eabi/13.3.1/thumb/v7e-m+fp/hard/crtbegin.o

.rodata         0x08006ed0      0x260
                0x08006ed0                        . = ALIGN (0x4)
 *(.rodata)
 .rodata        0x08006ed0       0x1b ./Core/Src/app_debug.o
 *fill*         0x08006eeb        0x1 
 .rodata        0x08006eec       0x20 ./Drivers/STM32WBxx_HAL_Driver/Src/stm32wbxx_hal_rcc.o
 .rodata        0x08006f0c       0x4c ./STM32_WPAN/App/app_ble.o
 *(.rodata*)
 .rodata.aGpioConfigList
                0x08006f58      0x130 ./Core/Src/app_debug.o
 .rodata.AHBPrescTable
                0x08007088       0x40 ./Core/Src/system_stm32wbxx.o
                0x08007088                AHBPrescTable
 .rodata.MSIRangeTable
                0x080070c8       0x40 ./Core/Src/system_stm32wbxx.o
                0x080070c8                MSIRangeTable
 .rodata.a_MBdAddr
                0x08007108        0x6 ./STM32_WPAN/App/app_ble.o
 *fill*         0x0800710e        0x2 
 .rodata.a_BLE_CfgIrValue
                0x08007110       0x10 ./STM32_WPAN/App/app_ble.o
 .rodata.a_BLE_CfgErValue
                0x08007120       0x10 ./STM32_WPAN/App/app_ble.o
                0x08007130                        . = ALIGN (0x4)

.ARM.extab
 *(.ARM.extab* .gnu.linkonce.armextab.*)

.ARM            0x08007130        0x8
                0x08007130                        __exidx_start = .
 *(.ARM.exidx*)
 .ARM.exidx     0x08007130        0x8 C:/ST/STM32CubeIDE_1.18.0/STM32CubeIDE/plugins/com.st.stm32cube.ide.mcu.externaltools.gnu-tools-for-stm32.13.3.rel1.win32_1.0.0.202411081344/tools/bin/../lib/gcc/arm-none-eabi/13.3.1/../../../../arm-none-eabi/lib/thumb/v7e-m+fp/hard\libc_nano.a(libc_a-strlen.o)
                0x08007138                        __exidx_end = .

.preinit_array  0x08007138        0x0
                0x08007138                        PROVIDE (__preinit_array_start = .)
 *(.preinit_array*)
                0x08007138                        PROVIDE (__preinit_array_end = .)

.init_array     0x08007138        0x4
                0x08007138                        PROVIDE (__init_array_start = .)
 *(SORT_BY_NAME(.init_array.*))
 *(.init_array*)
 .init_array    0x08007138        0x4 C:/ST/STM32CubeIDE_1.18.0/STM32CubeIDE/plugins/com.st.stm32cube.ide.mcu.externaltools.gnu-tools-for-stm32.13.3.rel1.win32_1.0.0.202411081344/tools/bin/../lib/gcc/arm-none-eabi/13.3.1/thumb/v7e-m+fp/hard/crtbegin.o
                0x0800713c                        PROVIDE (__init_array_end = .)

.fini_array     0x0800713c        0x4
                [!provide]                        PROVIDE (__fini_array_start = .)
 *(SORT_BY_NAME(.fini_array.*))
 *(.fini_array*)
 .fini_array    0x0800713c        0x4 C:/ST/STM32CubeIDE_1.18.0/STM32CubeIDE/plugins/com.st.stm32cube.ide.mcu.externaltools.gnu-tools-for-stm32.13.3.rel1.win32_1.0.0.202411081344/tools/bin/../lib/gcc/arm-none-eabi/13.3.1/thumb/v7e-m+fp/hard/crtbegin.o
                [!provide]                        PROVIDE (__fini_array_end = .)
                0x08007140                        _sidata = LOADADDR (.data)

.rel.dyn        0x08007140        0x0
 .rel.iplt      0x08007140        0x0 C:/ST/STM32CubeIDE_1.18.0/STM32CubeIDE/plugins/com.st.stm32cube.ide.mcu.externaltools.gnu-tools-for-stm32.13.3.rel1.win32_1.0.0.202411081344/tools/bin/../lib/gcc/arm-none-eabi/13.3.1/thumb/v7e-m+fp/hard/crtbegin.o

.data           0x20000008       0x2c load address 0x08007140
                0x20000008                        . = ALIGN (0x4)
                0x20000008                        _sdata = .
 *(.data)
 *(.data*)
 .data.SystemCoreClock
                0x20000008        0x4 ./Core/Src/system_stm32wbxx.o
                0x20000008                SystemCoreClock
 .data.uwTickPrio
                0x2000000c        0x4 ./Drivers/STM32WBxx_HAL_Driver/Src/stm32wbxx_hal.o
                0x2000000c                uwTickPrio
 .data.uwTickFreq
                0x20000010        0x1 ./Drivers/STM32WBxx_HAL_Driver/Src/stm32wbxx_hal.o
                0x20000010                uwTickFreq
 *fill*         0x20000011        0x3 
 .data.a_AdvData
                0x20000014       0x11 ./STM32_WPAN/App/app_ble.o
                0x20000014                a_AdvData
 *fill*         0x20000025        0x1 
 .data.SizeData_Imu
                0x20000026        0x2 ./STM32_WPAN/App/custom_stm.o
                0x20000026                SizeData_Imu
 .data.SizeGet_State
                0x20000028        0x2 ./STM32_WPAN/App/custom_stm.o
                0x20000028                SizeGet_State
 .data.SizeIo_Control
                0x2000002a        0x2 ./STM32_WPAN/App/custom_stm.o
                0x2000002a                SizeIo_Control
 .data.TaskMask
                0x2000002c        0x4 ./Utilities/sequencer/stm32_seq.o
 .data.SuperMask
                0x20000030        0x4 ./Utilities/sequencer/stm32_seq.o
 *(.RamFunc)
 *(.RamFunc*)
                0x20000034                        . = ALIGN (0x4)
                0x20000034                        _edata = .

.igot.plt       0x20000034        0x0 load address 0x0800716c
 .igot.plt      0x20000034        0x0 C:/ST/STM32CubeIDE_1.18.0/STM32CubeIDE/plugins/com.st.stm32cube.ide.mcu.externaltools.gnu-tools-for-stm32.13.3.rel1.win32_1.0.0.202411081344/tools/bin/../lib/gcc/arm-none-eabi/13.3.1/thumb/v7e-m+fp/hard/crtbegin.o

BLE_DRIVER_CONTEXT
                0x20000034       0x35 load address 0x0800716c
 BLE_DRIVER_CONTEXT
                0x20000034       0x21 ./Middlewares/ST/STM32_WPAN/ble/svc/Src/svc_ctl.o
                0x20000034                SVCCTL_EvtHandler
                0x20000054                SVCCTL_CltHandler
 *fill*         0x20000055        0x3 
 BLE_DRIVER_CONTEXT
                0x20000058       0x11 ./Middlewares/ST/STM32_WPAN/interface/patterns/ble_thread/tl/hci_tl.o
                0x20000068                UserEventFlow

SYSTEM_DRIVER_CONTEXT
                0x2000006c       0x11 load address 0x080071a1
 SYSTEM_DRIVER_CONTEXT
                0x2000006c       0x11 ./Middlewares/ST/STM32_WPAN/interface/patterns/ble_thread/tl/shci_tl.o
                0x2000007c                SHCI_TL_UserEventFlow
                0x20000080                        . = ALIGN (0x4)

.bss            0x20000080      0x56c load address 0x080071b2
                0x20000080                        _sbss = .
                0x20000080                        __bss_start__ = _sbss
 *(.bss)
 .bss           0x20000080       0x1c C:/ST/STM32CubeIDE_1.18.0/STM32CubeIDE/plugins/com.st.stm32cube.ide.mcu.externaltools.gnu-tools-for-stm32.13.3.rel1.win32_1.0.0.202411081344/tools/bin/../lib/gcc/arm-none-eabi/13.3.1/thumb/v7e-m+fp/hard/crtbegin.o
 *(.bss*)
 .bss.aTimerContext
                0x2000009c       0x90 ./Core/Src/hw_timerserver.o
 .bss.CurrentRunningTimerID
                0x2000012c        0x1 ./Core/Src/hw_timerserver.o
 *fill*         0x2000012d        0x3 
 .bss.SSRValueOnLastSetup
                0x20000130        0x4 ./Core/Src/hw_timerserver.o
 .bss.WakeupTimerLimitation
                0x20000134        0x1 ./Core/Src/hw_timerserver.o
 .bss.WakeupTimerDivider
                0x20000135        0x1 ./Core/Src/hw_timerserver.o
 .bss.AsynchPrescalerUserConfig
                0x20000136        0x1 ./Core/Src/hw_timerserver.o
 *fill*         0x20000137        0x1 
 .bss.SynchPrescalerUserConfig
                0x20000138        0x2 ./Core/Src/hw_timerserver.o
 .bss.MaxWakeupTimerSetup
                0x2000013a        0x2 ./Core/Src/hw_timerserver.o
 .bss.hipcc     0x2000013c       0x3c ./Core/Src/main.o
                0x2000013c                hipcc
 .bss.hrtc      0x20000178       0x24 ./Core/Src/main.o
                0x20000178                hrtc
 .bss.htim16    0x2000019c       0x4c ./Core/Src/main.o
                0x2000019c                htim16
 .bss.htim17    0x200001e8       0x4c ./Core/Src/main.o
                0x200001e8                htim17
 .bss.uwTick    0x20000234        0x4 ./Drivers/STM32WBxx_HAL_Driver/Src/stm32wbxx_hal.o
                0x20000234                uwTick
 .bss.hciContext
                0x20000238       0x20 ./Middlewares/ST/STM32_WPAN/interface/patterns/ble_thread/tl/hci_tl.o
 .bss.HciCmdEventQueue
                0x20000258        0x8 ./Middlewares/ST/STM32_WPAN/interface/patterns/ble_thread/tl/hci_tl.o
 .bss.StatusNotCallBackFunction
                0x20000260        0x4 ./Middlewares/ST/STM32_WPAN/interface/patterns/ble_thread/tl/hci_tl.o
 .bss.CmdRspStatusFlag
                0x20000264        0x1 ./Middlewares/ST/STM32_WPAN/interface/patterns/ble_thread/tl/hci_tl.o
 *fill*         0x20000265        0x3 
 .bss.shciContext
                0x20000268       0x20 ./Middlewares/ST/STM32_WPAN/interface/patterns/ble_thread/tl/shci_tl.o
 .bss.StatusNotCallBackFunction
                0x20000288        0x4 ./Middlewares/ST/STM32_WPAN/interface/patterns/ble_thread/tl/shci_tl.o
 .bss.CmdRspStatusFlag
                0x2000028c        0x1 ./Middlewares/ST/STM32_WPAN/interface/patterns/ble_thread/tl/shci_tl.o
 *fill*         0x2000028d        0x3 
 .bss.LocalFreeBufQueue
                0x20000290        0x8 ./Middlewares/ST/STM32_WPAN/interface/patterns/ble_thread/tl/tl_mbox.o
 .bss.BLE_IoBusEvtCallBackFunction
                0x20000298        0x4 ./Middlewares/ST/STM32_WPAN/interface/patterns/ble_thread/tl/tl_mbox.o
 .bss.BLE_IoBusAclDataTxAck
                0x2000029c        0x4 ./Middlewares/ST/STM32_WPAN/interface/patterns/ble_thread/tl/tl_mbox.o
 .bss.SYS_CMD_IoBusCallBackFunction
                0x200002a0        0x4 ./Middlewares/ST/STM32_WPAN/interface/patterns/ble_thread/tl/tl_mbox.o
 .bss.SYS_EVT_IoBusCallBackFunction
                0x200002a4        0x4 ./Middlewares/ST/STM32_WPAN/interface/patterns/ble_thread/tl/tl_mbox.o
 .bss.p_mem_manager_table.0
                0x200002a8        0x4 ./Middlewares/ST/STM32_WPAN/interface/patterns/ble_thread/tl/tl_mbox.o
 .bss.a_BdAddrUdn
                0x200002ac        0x6 ./STM32_WPAN/App/app_ble.o
 *fill*         0x200002b2        0x2 
 .bss.BleApplicationContext
                0x200002b4       0x84 ./STM32_WPAN/App/app_ble.o
 .bss.HandleNotification
                0x20000338        0x4 ./STM32_WPAN/App/app_ble.o
                0x20000338                HandleNotification
 .bss.UpdateCharData
                0x2000033c      0x200 ./STM32_WPAN/App/custom_app.o
                0x2000033c                UpdateCharData
 .bss.notifyIMUStatus
                0x2000053c        0x1 ./STM32_WPAN/App/custom_app.o
                0x2000053c                notifyIMUStatus
 .bss.notifyStateStatus
                0x2000053d        0x1 ./STM32_WPAN/App/custom_app.o
                0x2000053d                notifyStateStatus
 *fill*         0x2000053e        0x2 
 .bss.CustomContext
                0x20000540        0x8 ./STM32_WPAN/App/custom_stm.o
 .bss.FreeBufCb
                0x20000548        0x4 ./STM32_WPAN/Target/hw_ipcc.o
 .bss.StopModeDisable
                0x2000054c        0x4 ./Utilities/lpm/tiny_lpm/stm32_lpm.o
 .bss.OffModeDisable
                0x20000550        0x4 ./Utilities/lpm/tiny_lpm/stm32_lpm.o
 .bss.TaskSet   0x20000554        0x4 ./Utilities/sequencer/stm32_seq.o
 .bss.EvtSet    0x20000558        0x4 ./Utilities/sequencer/stm32_seq.o
 .bss.EvtWaited
                0x2000055c        0x4 ./Utilities/sequencer/stm32_seq.o
 .bss.CurrentTaskIdx
                0x20000560        0x4 ./Utilities/sequencer/stm32_seq.o
 .bss.TaskCb    0x20000564       0x80 ./Utilities/sequencer/stm32_seq.o
 .bss.TaskPrio  0x200005e4        0x8 ./Utilities/sequencer/stm32_seq.o
 *(COMMON)
                0x200005ec                        . = ALIGN (0x4)
                0x200005ec                        _ebss = .
                0x200005ec                        __bss_end__ = _ebss

._user_heap_stack
                0x200005ec      0x604 load address 0x080071b2
                0x200005f0                        . = ALIGN (0x8)
 *fill*         0x200005ec        0x4 
                [!provide]                        PROVIDE (end = .)
                0x200005f0                        PROVIDE (_end = .)
                0x200007f0                        . = (. + _Min_Heap_Size)
 *fill*         0x200005f0      0x200 
                0x20000bf0                        . = (. + _Min_Stack_Size)
 *fill*         0x200007f0      0x400 
                0x20000bf0                        . = ALIGN (0x8)

/DISCARD/
 libc.a(*)
 libm.a(*)
 libgcc.a(*)

.ARM.attributes
                0x00000000       0x30
 *(.ARM.attributes)
 .ARM.attributes
                0x00000000       0x22 C:/ST/STM32CubeIDE_1.18.0/STM32CubeIDE/plugins/com.st.stm32cube.ide.mcu.externaltools.gnu-tools-for-stm32.13.3.rel1.win32_1.0.0.202411081344/tools/bin/../lib/gcc/arm-none-eabi/13.3.1/thumb/v7e-m+fp/hard/crti.o
 .ARM.attributes
                0x00000022       0x34 C:/ST/STM32CubeIDE_1.18.0/STM32CubeIDE/plugins/com.st.stm32cube.ide.mcu.externaltools.gnu-tools-for-stm32.13.3.rel1.win32_1.0.0.202411081344/tools/bin/../lib/gcc/arm-none-eabi/13.3.1/thumb/v7e-m+fp/hard/crtbegin.o
 .ARM.attributes
                0x00000056       0x34 ./Core/Src/app_debug.o
 .ARM.attributes
                0x0000008a       0x34 ./Core/Src/app_entry.o
 .ARM.attributes
                0x000000be       0x34 ./Core/Src/hw_timerserver.o
 .ARM.attributes
                0x000000f2       0x34 ./Core/Src/main.o
 .ARM.attributes
                0x00000126       0x34 ./Core/Src/stm32wbxx_hal_msp.o
 .ARM.attributes
                0x0000015a       0x34 ./Core/Src/stm32wbxx_it.o
 .ARM.attributes
                0x0000018e       0x34 ./Core/Src/system_stm32wbxx.o
 .ARM.attributes
                0x000001c2       0x21 ./Core/Startup/startup_stm32wb50cgux.o
 .ARM.attributes
                0x000001e3       0x34 ./Drivers/STM32WBxx_HAL_Driver/Src/stm32wbxx_hal.o
 .ARM.attributes
                0x00000217       0x34 ./Drivers/STM32WBxx_HAL_Driver/Src/stm32wbxx_hal_cortex.o
 .ARM.attributes
                0x0000024b       0x34 ./Drivers/STM32WBxx_HAL_Driver/Src/stm32wbxx_hal_gpio.o
 .ARM.attributes
                0x0000027f       0x34 ./Drivers/STM32WBxx_HAL_Driver/Src/stm32wbxx_hal_hsem.o
 .ARM.attributes
                0x000002b3       0x34 ./Drivers/STM32WBxx_HAL_Driver/Src/stm32wbxx_hal_ipcc.o
 .ARM.attributes
                0x000002e7       0x34 ./Drivers/STM32WBxx_HAL_Driver/Src/stm32wbxx_hal_pwr.o
 .ARM.attributes
                0x0000031b       0x34 ./Drivers/STM32WBxx_HAL_Driver/Src/stm32wbxx_hal_rcc.o
 .ARM.attributes
                0x0000034f       0x34 ./Drivers/STM32WBxx_HAL_Driver/Src/stm32wbxx_hal_rcc_ex.o
 .ARM.attributes
                0x00000383       0x34 ./Drivers/STM32WBxx_HAL_Driver/Src/stm32wbxx_hal_rtc.o
 .ARM.attributes
                0x000003b7       0x34 ./Drivers/STM32WBxx_HAL_Driver/Src/stm32wbxx_hal_rtc_ex.o
 .ARM.attributes
                0x000003eb       0x34 ./Drivers/STM32WBxx_HAL_Driver/Src/stm32wbxx_hal_tim.o
 .ARM.attributes
                0x0000041f       0x34 ./Drivers/STM32WBxx_HAL_Driver/Src/stm32wbxx_hal_tim_ex.o
 .ARM.attributes
                0x00000453       0x34 ./Middlewares/ST/STM32_WPAN/ble/core/auto/ble_gap_aci.o
 .ARM.attributes
                0x00000487       0x34 ./Middlewares/ST/STM32_WPAN/ble/core/auto/ble_gatt_aci.o
 .ARM.attributes
                0x000004bb       0x34 ./Middlewares/ST/STM32_WPAN/ble/core/auto/ble_hal_aci.o
 .ARM.attributes
                0x000004ef       0x34 ./Middlewares/ST/STM32_WPAN/ble/core/auto/ble_hci_le.o
 .ARM.attributes
                0x00000523       0x34 ./Middlewares/ST/STM32_WPAN/ble/core/template/osal.o
 .ARM.attributes
                0x00000557       0x34 ./Middlewares/ST/STM32_WPAN/ble/svc/Src/svc_ctl.o
 .ARM.attributes
                0x0000058b       0x34 ./Middlewares/ST/STM32_WPAN/interface/patterns/ble_thread/shci/shci.o
 .ARM.attributes
                0x000005bf       0x34 ./Middlewares/ST/STM32_WPAN/interface/patterns/ble_thread/tl/hci_tl.o
 .ARM.attributes
                0x000005f3       0x34 ./Middlewares/ST/STM32_WPAN/interface/patterns/ble_thread/tl/hci_tl_if.o
 .ARM.attributes
                0x00000627       0x34 ./Middlewares/ST/STM32_WPAN/interface/patterns/ble_thread/tl/shci_tl.o
 .ARM.attributes
                0x0000065b       0x34 ./Middlewares/ST/STM32_WPAN/interface/patterns/ble_thread/tl/shci_tl_if.o
 .ARM.attributes
                0x0000068f       0x34 ./Middlewares/ST/STM32_WPAN/interface/patterns/ble_thread/tl/tl_mbox.o
 .ARM.attributes
                0x000006c3       0x34 ./Middlewares/ST/STM32_WPAN/utilities/otp.o
 .ARM.attributes
                0x000006f7       0x34 ./Middlewares/ST/STM32_WPAN/utilities/stm_list.o
 .ARM.attributes
                0x0000072b       0x34 ./STM32_WPAN/App/app_ble.o
 .ARM.attributes
                0x0000075f       0x34 ./STM32_WPAN/App/custom_app.o
 .ARM.attributes
                0x00000793       0x34 ./STM32_WPAN/App/custom_stm.o
 .ARM.attributes
                0x000007c7       0x34 ./STM32_WPAN/Target/hw_ipcc.o
 .ARM.attributes
                0x000007fb       0x34 ./Utilities/lpm/tiny_lpm/stm32_lpm.o
 .ARM.attributes
                0x0000082f       0x34 ./Utilities/sequencer/stm32_seq.o
 .ARM.attributes
                0x00000863       0x34 C:/ST/STM32CubeIDE_1.18.0/STM32CubeIDE/plugins/com.st.stm32cube.ide.mcu.externaltools.gnu-tools-for-stm32.13.3.rel1.win32_1.0.0.202411081344/tools/bin/../lib/gcc/arm-none-eabi/13.3.1/../../../../arm-none-eabi/lib/thumb/v7e-m+fp/hard\libc_nano.a(libc_a-memset.o)
 .ARM.attributes
                0x00000897       0x34 C:/ST/STM32CubeIDE_1.18.0/STM32CubeIDE/plugins/com.st.stm32cube.ide.mcu.externaltools.gnu-tools-for-stm32.13.3.rel1.win32_1.0.0.202411081344/tools/bin/../lib/gcc/arm-none-eabi/13.3.1/../../../../arm-none-eabi/lib/thumb/v7e-m+fp/hard\libc_nano.a(libc_a-init.o)
 .ARM.attributes
                0x000008cb       0x34 C:/ST/STM32CubeIDE_1.18.0/STM32CubeIDE/plugins/com.st.stm32cube.ide.mcu.externaltools.gnu-tools-for-stm32.13.3.rel1.win32_1.0.0.202411081344/tools/bin/../lib/gcc/arm-none-eabi/13.3.1/../../../../arm-none-eabi/lib/thumb/v7e-m+fp/hard\libc_nano.a(libc_a-memcpy-stub.o)
 .ARM.attributes
                0x000008ff       0x17 C:/ST/STM32CubeIDE_1.18.0/STM32CubeIDE/plugins/com.st.stm32cube.ide.mcu.externaltools.gnu-tools-for-stm32.13.3.rel1.win32_1.0.0.202411081344/tools/bin/../lib/gcc/arm-none-eabi/13.3.1/../../../../arm-none-eabi/lib/thumb/v7e-m+fp/hard\libc_nano.a(libc_a-strlen.o)
 .ARM.attributes
                0x00000916       0x22 C:/ST/STM32CubeIDE_1.18.0/STM32CubeIDE/plugins/com.st.stm32cube.ide.mcu.externaltools.gnu-tools-for-stm32.13.3.rel1.win32_1.0.0.202411081344/tools/bin/../lib/gcc/arm-none-eabi/13.3.1/thumb/v7e-m+fp/hard/crtn.o

MAPPING_TABLE   0x20030000       0x28
 *(MAPPING_TABLE)
 MAPPING_TABLE  0x20030000       0x28 ./Middlewares/ST/STM32_WPAN/interface/patterns/ble_thread/tl/tl_mbox.o

MB_MEM1         0x20030028      0x1bb
 *(MB_MEM1)
 MB_MEM1        0x20030028       0xb0 ./Middlewares/ST/STM32_WPAN/interface/patterns/ble_thread/tl/tl_mbox.o
 MB_MEM1        0x200300d8      0x10b ./STM32_WPAN/App/app_ble.o
                0x080071b2                        _siMB_MEM2 = LOADADDR (.MB_MEM2)

.MB_MEM2        0x200301e4      0x883 load address 0x080071b2
                0x200301e4                        _sMB_MEM2 = .
 *(MB_MEM2)
 MB_MEM2        0x200301e4       0x12 ./Core/Src/app_debug.o
 *fill*         0x200301f6        0x2 
 MB_MEM2        0x200301f8      0x85e ./Core/Src/app_entry.o
 *fill*         0x20030a56        0x2 
 MB_MEM2        0x20030a58        0xf ./Middlewares/ST/STM32_WPAN/interface/patterns/ble_thread/tl/tl_mbox.o
                0x20030a67                        _eMB_MEM2 = .
OUTPUT(parkinson_device.elf elf32-littlearm)
LOAD linker stubs
LOAD C:/ST/STM32CubeIDE_1.18.0/STM32CubeIDE/plugins/com.st.stm32cube.ide.mcu.externaltools.gnu-tools-for-stm32.13.3.rel1.win32_1.0.0.202411081344/tools/bin/../lib/gcc/arm-none-eabi/13.3.1/../../../../arm-none-eabi/lib/thumb/v7e-m+fp/hard\libc.a
LOAD C:/ST/STM32CubeIDE_1.18.0/STM32CubeIDE/plugins/com.st.stm32cube.ide.mcu.externaltools.gnu-tools-for-stm32.13.3.rel1.win32_1.0.0.202411081344/tools/bin/../lib/gcc/arm-none-eabi/13.3.1/../../../../arm-none-eabi/lib/thumb/v7e-m+fp/hard\libm.a
LOAD C:/ST/STM32CubeIDE_1.18.0/STM32CubeIDE/plugins/com.st.stm32cube.ide.mcu.externaltools.gnu-tools-for-stm32.13.3.rel1.win32_1.0.0.202411081344/tools/bin/../lib/gcc/arm-none-eabi/13.3.1/thumb/v7e-m+fp/hard\libgcc.a

.debug_info     0x00000000    0x27963
 .debug_info    0x00000000      0xb64 ./Core/Src/app_debug.o
 .debug_info    0x00000b64     0x1ba9 ./Core/Src/app_entry.o
 .debug_info    0x0000270d     0x1142 ./Core/Src/hw_timerserver.o
 .debug_info    0x0000384f     0x169d ./Core/Src/main.o
 .debug_info    0x00004eec     0x13f6 ./Core/Src/stm32wbxx_hal_msp.o
 .debug_info    0x000062e2      0x87f ./Core/Src/stm32wbxx_it.o
 .debug_info    0x00006b61      0x6d2 ./Core/Src/system_stm32wbxx.o
 .debug_info    0x00007233       0x30 ./Core/Startup/startup_stm32wb50cgux.o
 .debug_info    0x00007263     0x10c4 ./Drivers/STM32WBxx_HAL_Driver/Src/stm32wbxx_hal.o
 .debug_info    0x00008327      0xc5b ./Drivers/STM32WBxx_HAL_Driver/Src/stm32wbxx_hal_cortex.o
 .debug_info    0x00008f82      0x6aa ./Drivers/STM32WBxx_HAL_Driver/Src/stm32wbxx_hal_gpio.o
 .debug_info    0x0000962c      0x3bc ./Drivers/STM32WBxx_HAL_Driver/Src/stm32wbxx_hal_hsem.o
 .debug_info    0x000099e8      0x7a3 ./Drivers/STM32WBxx_HAL_Driver/Src/stm32wbxx_hal_ipcc.o
 .debug_info    0x0000a18b      0x906 ./Drivers/STM32WBxx_HAL_Driver/Src/stm32wbxx_hal_pwr.o
 .debug_info    0x0000aa91     0x1460 ./Drivers/STM32WBxx_HAL_Driver/Src/stm32wbxx_hal_rcc.o
 .debug_info    0x0000bef1     0x1354 ./Drivers/STM32WBxx_HAL_Driver/Src/stm32wbxx_hal_rcc_ex.o
 .debug_info    0x0000d245      0xd28 ./Drivers/STM32WBxx_HAL_Driver/Src/stm32wbxx_hal_rtc.o
 .debug_info    0x0000df6d      0xf3a ./Drivers/STM32WBxx_HAL_Driver/Src/stm32wbxx_hal_rtc_ex.o
 .debug_info    0x0000eea7     0x2ba5 ./Drivers/STM32WBxx_HAL_Driver/Src/stm32wbxx_hal_tim.o
 .debug_info    0x00011a4c     0x1883 ./Drivers/STM32WBxx_HAL_Driver/Src/stm32wbxx_hal_tim_ex.o
 .debug_info    0x000132cf     0x3836 ./Middlewares/ST/STM32_WPAN/ble/core/auto/ble_gap_aci.o
 .debug_info    0x00016b05     0x30a8 ./Middlewares/ST/STM32_WPAN/ble/core/auto/ble_gatt_aci.o
 .debug_info    0x00019bad      0xedd ./Middlewares/ST/STM32_WPAN/ble/core/auto/ble_hal_aci.o
 .debug_info    0x0001aa8a     0x3e3e ./Middlewares/ST/STM32_WPAN/ble/core/auto/ble_hci_le.o
 .debug_info    0x0001e8c8      0x1b8 ./Middlewares/ST/STM32_WPAN/ble/core/template/osal.o
 .debug_info    0x0001ea80      0x48e ./Middlewares/ST/STM32_WPAN/ble/svc/Src/svc_ctl.o
 .debug_info    0x0001ef0e     0x19fb ./Middlewares/ST/STM32_WPAN/interface/patterns/ble_thread/shci/shci.o
 .debug_info    0x00020909      0x97e ./Middlewares/ST/STM32_WPAN/interface/patterns/ble_thread/tl/hci_tl.o
 .debug_info    0x00021287      0x1e0 ./Middlewares/ST/STM32_WPAN/interface/patterns/ble_thread/tl/hci_tl_if.o
 .debug_info    0x00021467      0x7d8 ./Middlewares/ST/STM32_WPAN/interface/patterns/ble_thread/tl/shci_tl.o
 .debug_info    0x00021c3f      0x1e0 ./Middlewares/ST/STM32_WPAN/interface/patterns/ble_thread/tl/shci_tl_if.o
 .debug_info    0x00021e1f      0xdb0 ./Middlewares/ST/STM32_WPAN/interface/patterns/ble_thread/tl/tl_mbox.o
 .debug_info    0x00022bcf       0xd5 ./Middlewares/ST/STM32_WPAN/utilities/otp.o
 .debug_info    0x00022ca4      0x6d5 ./Middlewares/ST/STM32_WPAN/utilities/stm_list.o
 .debug_info    0x00023379     0x138f ./STM32_WPAN/App/app_ble.o
 .debug_info    0x00024708      0x463 ./STM32_WPAN/App/custom_app.o
 .debug_info    0x00024b6b     0x1020 ./STM32_WPAN/App/custom_stm.o
 .debug_info    0x00025b8b     0x104e ./STM32_WPAN/Target/hw_ipcc.o
 .debug_info    0x00026bd9      0x3e6 ./Utilities/lpm/tiny_lpm/stm32_lpm.o
 .debug_info    0x00026fbf      0x9a4 ./Utilities/sequencer/stm32_seq.o

.debug_abbrev   0x00000000     0x567f
 .debug_abbrev  0x00000000      0x255 ./Core/Src/app_debug.o
 .debug_abbrev  0x00000255      0x3aa ./Core/Src/app_entry.o
 .debug_abbrev  0x000005ff      0x33a ./Core/Src/hw_timerserver.o
 .debug_abbrev  0x00000939      0x32a ./Core/Src/main.o
 .debug_abbrev  0x00000c63      0x264 ./Core/Src/stm32wbxx_hal_msp.o
 .debug_abbrev  0x00000ec7      0x1d2 ./Core/Src/stm32wbxx_it.o
 .debug_abbrev  0x00001099      0x13b ./Core/Src/system_stm32wbxx.o
 .debug_abbrev  0x000011d4       0x24 ./Core/Startup/startup_stm32wb50cgux.o
 .debug_abbrev  0x000011f8      0x34c ./Drivers/STM32WBxx_HAL_Driver/Src/stm32wbxx_hal.o
 .debug_abbrev  0x00001544      0x319 ./Drivers/STM32WBxx_HAL_Driver/Src/stm32wbxx_hal_cortex.o
 .debug_abbrev  0x0000185d      0x1e5 ./Drivers/STM32WBxx_HAL_Driver/Src/stm32wbxx_hal_gpio.o
 .debug_abbrev  0x00001a42      0x1e4 ./Drivers/STM32WBxx_HAL_Driver/Src/stm32wbxx_hal_hsem.o
 .debug_abbrev  0x00001c26      0x252 ./Drivers/STM32WBxx_HAL_Driver/Src/stm32wbxx_hal_ipcc.o
 .debug_abbrev  0x00001e78      0x205 ./Drivers/STM32WBxx_HAL_Driver/Src/stm32wbxx_hal_pwr.o
 .debug_abbrev  0x0000207d      0x31d ./Drivers/STM32WBxx_HAL_Driver/Src/stm32wbxx_hal_rcc.o
 .debug_abbrev  0x0000239a      0x342 ./Drivers/STM32WBxx_HAL_Driver/Src/stm32wbxx_hal_rcc_ex.o
 .debug_abbrev  0x000026dc      0x1f0 ./Drivers/STM32WBxx_HAL_Driver/Src/stm32wbxx_hal_rtc.o
 .debug_abbrev  0x000028cc      0x237 ./Drivers/STM32WBxx_HAL_Driver/Src/stm32wbxx_hal_rtc_ex.o
 .debug_abbrev  0x00002b03      0x28a ./Drivers/STM32WBxx_HAL_Driver/Src/stm32wbxx_hal_tim.o
 .debug_abbrev  0x00002d8d      0x2a8 ./Drivers/STM32WBxx_HAL_Driver/Src/stm32wbxx_hal_tim_ex.o
 .debug_abbrev  0x00003035      0x1c7 ./Middlewares/ST/STM32_WPAN/ble/core/auto/ble_gap_aci.o
 .debug_abbrev  0x000031fc      0x205 ./Middlewares/ST/STM32_WPAN/ble/core/auto/ble_gatt_aci.o
 .debug_abbrev  0x00003401      0x1de ./Middlewares/ST/STM32_WPAN/ble/core/auto/ble_hal_aci.o
 .debug_abbrev  0x000035df      0x1d1 ./Middlewares/ST/STM32_WPAN/ble/core/auto/ble_hci_le.o
 .debug_abbrev  0x000037b0       0xcc ./Middlewares/ST/STM32_WPAN/ble/core/template/osal.o
 .debug_abbrev  0x0000387c      0x1c5 ./Middlewares/ST/STM32_WPAN/ble/svc/Src/svc_ctl.o
 .debug_abbrev  0x00003a41      0x1d7 ./Middlewares/ST/STM32_WPAN/interface/patterns/ble_thread/shci/shci.o
 .debug_abbrev  0x00003c18      0x262 ./Middlewares/ST/STM32_WPAN/interface/patterns/ble_thread/tl/hci_tl.o
 .debug_abbrev  0x00003e7a       0xce ./Middlewares/ST/STM32_WPAN/interface/patterns/ble_thread/tl/hci_tl_if.o
 .debug_abbrev  0x00003f48      0x202 ./Middlewares/ST/STM32_WPAN/interface/patterns/ble_thread/tl/shci_tl.o
 .debug_abbrev  0x0000414a       0xce ./Middlewares/ST/STM32_WPAN/interface/patterns/ble_thread/tl/shci_tl_if.o
 .debug_abbrev  0x00004218      0x27a ./Middlewares/ST/STM32_WPAN/interface/patterns/ble_thread/tl/tl_mbox.o
 .debug_abbrev  0x00004492       0x83 ./Middlewares/ST/STM32_WPAN/utilities/otp.o
 .debug_abbrev  0x00004515      0x189 ./Middlewares/ST/STM32_WPAN/utilities/stm_list.o
 .debug_abbrev  0x0000469e      0x33b ./STM32_WPAN/App/app_ble.o
 .debug_abbrev  0x000049d9      0x1b1 ./STM32_WPAN/App/custom_app.o
 .debug_abbrev  0x00004b8a      0x30a ./STM32_WPAN/App/custom_stm.o
 .debug_abbrev  0x00004e94      0x385 ./STM32_WPAN/Target/hw_ipcc.o
 .debug_abbrev  0x00005219      0x1f4 ./Utilities/lpm/tiny_lpm/stm32_lpm.o
 .debug_abbrev  0x0000540d      0x272 ./Utilities/sequencer/stm32_seq.o

.debug_aranges  0x00000000     0x23f0
 .debug_aranges
                0x00000000       0x50 ./Core/Src/app_debug.o
 .debug_aranges
                0x00000050      0x100 ./Core/Src/app_entry.o
 .debug_aranges
                0x00000150       0xa8 ./Core/Src/hw_timerserver.o
 .debug_aranges
                0x000001f8       0x78 ./Core/Src/main.o
 .debug_aranges
                0x00000270       0x90 ./Core/Src/stm32wbxx_hal_msp.o
 .debug_aranges
                0x00000300       0x88 ./Core/Src/stm32wbxx_it.o
 .debug_aranges
                0x00000388       0x28 ./Core/Src/system_stm32wbxx.o
 .debug_aranges
                0x000003b0       0x30 ./Core/Startup/startup_stm32wb50cgux.o
 .debug_aranges
                0x000003e0      0x238 ./Drivers/STM32WBxx_HAL_Driver/Src/stm32wbxx_hal.o
 .debug_aranges
                0x00000618      0x118 ./Drivers/STM32WBxx_HAL_Driver/Src/stm32wbxx_hal_cortex.o
 .debug_aranges
                0x00000730       0x60 ./Drivers/STM32WBxx_HAL_Driver/Src/stm32wbxx_hal_gpio.o
 .debug_aranges
                0x00000790       0x70 ./Drivers/STM32WBxx_HAL_Driver/Src/stm32wbxx_hal_hsem.o
 .debug_aranges
                0x00000800       0xa0 ./Drivers/STM32WBxx_HAL_Driver/Src/stm32wbxx_hal_ipcc.o
 .debug_aranges
                0x000008a0       0xd0 ./Drivers/STM32WBxx_HAL_Driver/Src/stm32wbxx_hal_pwr.o
 .debug_aranges
                0x00000970      0x268 ./Drivers/STM32WBxx_HAL_Driver/Src/stm32wbxx_hal_rcc.o
 .debug_aranges
                0x00000bd8      0x218 ./Drivers/STM32WBxx_HAL_Driver/Src/stm32wbxx_hal_rcc_ex.o
 .debug_aranges
                0x00000df0       0xe8 ./Drivers/STM32WBxx_HAL_Driver/Src/stm32wbxx_hal_rtc.o
 .debug_aranges
                0x00000ed8      0x120 ./Drivers/STM32WBxx_HAL_Driver/Src/stm32wbxx_hal_rtc_ex.o
 .debug_aranges
                0x00000ff8      0x3e0 ./Drivers/STM32WBxx_HAL_Driver/Src/stm32wbxx_hal_tim.o
 .debug_aranges
                0x000013d8      0x190 ./Drivers/STM32WBxx_HAL_Driver/Src/stm32wbxx_hal_tim_ex.o
 .debug_aranges
                0x00001568      0x1c8 ./Middlewares/ST/STM32_WPAN/ble/core/auto/ble_gap_aci.o
 .debug_aranges
                0x00001730      0x198 ./Middlewares/ST/STM32_WPAN/ble/core/auto/ble_gatt_aci.o
 .debug_aranges
                0x000018c8       0xc0 ./Middlewares/ST/STM32_WPAN/ble/core/auto/ble_hal_aci.o
 .debug_aranges
                0x00001988      0x290 ./Middlewares/ST/STM32_WPAN/ble/core/auto/ble_hci_le.o
 .debug_aranges
                0x00001c18       0x30 ./Middlewares/ST/STM32_WPAN/ble/core/template/osal.o
 .debug_aranges
                0x00001c48       0xd0 ./Middlewares/ST/STM32_WPAN/ble/svc/Src/svc_ctl.o
 .debug_aranges
                0x00001d18      0x118 ./Middlewares/ST/STM32_WPAN/interface/patterns/ble_thread/shci/shci.o
 .debug_aranges
                0x00001e30       0x68 ./Middlewares/ST/STM32_WPAN/interface/patterns/ble_thread/tl/hci_tl.o
 .debug_aranges
                0x00001e98       0x20 ./Middlewares/ST/STM32_WPAN/interface/patterns/ble_thread/tl/hci_tl_if.o
 .debug_aranges
                0x00001eb8       0x68 ./Middlewares/ST/STM32_WPAN/interface/patterns/ble_thread/tl/shci_tl.o
 .debug_aranges
                0x00001f20       0x20 ./Middlewares/ST/STM32_WPAN/interface/patterns/ble_thread/tl/shci_tl_if.o
 .debug_aranges
                0x00001f40       0xa8 ./Middlewares/ST/STM32_WPAN/interface/patterns/ble_thread/tl/tl_mbox.o
 .debug_aranges
                0x00001fe8       0x20 ./Middlewares/ST/STM32_WPAN/utilities/otp.o
 .debug_aranges
                0x00002008       0x78 ./Middlewares/ST/STM32_WPAN/utilities/stm_list.o
 .debug_aranges
                0x00002080       0xa0 ./STM32_WPAN/App/app_ble.o
 .debug_aranges
                0x00002120       0x60 ./STM32_WPAN/App/custom_app.o
 .debug_aranges
                0x00002180       0x48 ./STM32_WPAN/App/custom_stm.o
 .debug_aranges
                0x000021c8      0x138 ./STM32_WPAN/Target/hw_ipcc.o
 .debug_aranges
                0x00002300       0x48 ./Utilities/lpm/tiny_lpm/stm32_lpm.o
 .debug_aranges
                0x00002348       0xa8 ./Utilities/sequencer/stm32_seq.o

.debug_rnglists
                0x00000000     0x1b8c
 .debug_rnglists
                0x00000000       0x38 ./Core/Src/app_debug.o
 .debug_rnglists
                0x00000038       0xbc ./Core/Src/app_entry.o
 .debug_rnglists
                0x000000f4       0x85 ./Core/Src/hw_timerserver.o
 .debug_rnglists
                0x00000179       0x56 ./Core/Src/main.o
 .debug_rnglists