../STM32_WPAN/App/custom_app.c:91:6:Push_IMU_Data	8	static
../STM32_WPAN/App/custom_app.c:101:6:Push_State	8	static
../STM32_WPAN/App/custom_app.c:110:6:Custom_STM_App_Notification	16	static
../STM32_WPAN/App/custom_app.c:170:6:Custom_APP_Notification	16	static
../STM32_WPAN/App/custom_app.c:207:6:Custom_APP_Init	4	static
../STM32_WPAN/App/custom_app.c:226:13:Custom_Data_imu_Update_Char	16	static
../STM32_WPAN/App/custom_app.c:246:6:Custom_Data_imu_Send_Notification	16	static
../STM32_WPAN/App/custom_app.c:266:13:Custom_Get_state_Update_Char	16	static
../STM32_WPAN/App/custom_app.c:286:6:Custom_Get_state_Send_Notification	16	static
